2026-10-08T11:58:07.057436Z  INFO bevy_diagnostic::system_information_diagnostics_plugin::internal: SystemInfo { os: "Windows 11 Pro", kernel: "26200", cpu: "12th Gen Intel(R) Core(TM) i5-12400F", core_count: "6", memory: "31.8 GiB" }
2026-10-08T11:58:07.447856Z  INFO bevy_render::renderer: AdapterInfo { name: "NVIDIA GeForce RTX 5060 Ti", vendor: 4318, device: 11524, device_type: DiscreteGpu, device_pci_bus_id: "0000:01:00.0", driver: "NVIDIA", driver_info: "616.64", backend: Vulkan, subgroup_min_size: 32, subgroup_max_size: 32, transient_saves_memory: false }
2026-10-08T11:58:07.726244Z  INFO bevy_pbr::cluster: GPU clustering is supported on this device.
2026-10-08T11:58:07.726335Z  INFO bevy_render::batching::gpu_preprocessing: GPU preprocessing is fully supported on this device.
2026-10-08T11:58:07.727502Z  INFO bevy_egui::render: Using bindless_mode_array_size 16 (Device maximum 1048576)
2026-10-08T11:58:07.727718Z  INFO bevy_winit::system: Creating new window Warbell (65v0)
2026-10-08T11:58:07.793732Z  INFO tileworld_bevy_forest::blendertrees: blender trees: oak_a 2402 vertices 1394 triangles
2026-10-08T11:58:07.794973Z  INFO tileworld_bevy_forest::blendertrees: blender trees: oak_b 2402 vertices 1394 triangles
2026-10-08T11:58:07.795804Z  INFO tileworld_bevy_forest::blendertrees: blender trees: birch_a 2088 vertices 1170 triangles
2026-10-08T11:58:07.796670Z  INFO tileworld_bevy_forest::blendertrees: blender trees: birch_b 2088 vertices 1170 triangles
2026-10-08T11:58:07.797900Z  INFO tileworld_bevy_forest::blendertrees: blender trees: pine_a 2726 vertices 1668 triangles
2026-10-08T11:58:07.797929Z  INFO tileworld_bevy_forest::blendertrees: blender trees: 5 source models, 11706 source vertices, 6796 source triangles, one 1024px atlas, built in 19.1846ms
2026-10-08T11:58:07.799368Z  INFO tileworld_bevy_forest::perftest: PERFTEST start: duration=60s sim_speed=x1 — one PERF line every 5s, then exits
2026-10-08T11:58:13.152739Z  INFO tileworld_bevy_forest::poi: poi: planned 6 roadside clearings
2026-10-08T11:58:16.757037Z  INFO tileworld_bevy_forest::perftest: STATE_DBG t=7.5 app=Playing modal=None
2026-10-08T11:58:17.909885Z  INFO tileworld_bevy_forest::perftest: PERF t=   7 fps=  24 ms= 41.7 ent=  1523 mesh= 1411 mat=  93 creature_mat=4 img=  125 atlas=16k/16p rss= 0.61GiB
2026-10-08T11:58:17.910032Z  INFO tileworld_bevy_forest::perftest:    arch    185  BiomeEntity GroundCoverChunk
2026-10-08T11:58:17.910041Z  INFO tileworld_bevy_forest::perftest:    arch    184  BiomeEntity
2026-10-08T11:58:17.910046Z  INFO tileworld_bevy_forest::perftest:    arch    167  ChopTree Sway BiomeEntity
2026-10-08T11:58:17.910050Z  INFO tileworld_bevy_forest::perftest:    arch     81  [engine x1 comps]
2026-10-08T11:58:17.910054Z  INFO tileworld_bevy_forest::perftest:    arch     63  BiomeEntity ForestExtension>>
2026-10-08T11:58:17.910059Z  INFO tileworld_bevy_forest::perftest:    arch     63  BiomeEntity ForestExtension>>
2026-10-08T11:58:17.910063Z  INFO tileworld_bevy_forest::perftest:    arch     60  Pollen
2026-10-08T11:58:17.910067Z  INFO tileworld_bevy_forest::perftest:    arch     37  CreatureExt>>
2026-10-08T11:58:17.910071Z  INFO tileworld_bevy_forest::perftest:    arch     32  CampaignOnly Cloud
2026-10-08T11:58:17.910075Z  INFO tileworld_bevy_forest::perftest:    arch     30  BipedPart
2026-10-08T11:58:17.910079Z  INFO tileworld_bevy_forest::perftest:    arch     25  CreatureExt>> BossPart
2026-10-08T11:58:17.910084Z  INFO tileworld_bevy_forest::perftest:    arch     21  [engine x12 comps]
2026-10-08T11:58:17.910095Z  INFO tileworld_bevy_forest::perftest:   GPU Σ=-0.00ms  
2026-10-08T11:58:20.439114Z  INFO tileworld_bevy_forest::camps: camp 0 at -173.6,6.1
2026-10-08T11:58:20.439537Z  INFO tileworld_bevy_forest::camps: camp 1 at 5.8,-65.0
2026-10-08T11:58:20.439849Z  INFO tileworld_bevy_forest::camps: camp 2 at -127.3,103.7
2026-10-08T11:58:20.440144Z  INFO tileworld_bevy_forest::camps: camp 3 at -22.0,126.6
2026-10-08T11:58:20.440434Z  INFO tileworld_bevy_forest::camps: camp 4 at 21.9,-37.6
2026-10-08T11:58:20.571801Z  INFO tileworld_bevy_forest::chest: chests: 24 scattered (22 Relic) + 5 hoards
2026-10-08T11:58:20.593725Z  INFO tileworld_bevy_forest::ruins: landmark Snow placed at (-118.0, -6.1)
2026-10-08T11:58:20.593781Z  INFO tileworld_bevy_forest::ruins: landmark Desert placed at (43.6, -62.7)
2026-10-08T11:58:20.593805Z  INFO tileworld_bevy_forest::ruins: landmark Rocky placed at (35.9, 28.7)
2026-10-08T11:58:20.593829Z  INFO tileworld_bevy_forest::ruins: landmark Forest placed at (-105.9, 13.9)
2026-10-08T11:58:20.593841Z  INFO tileworld_bevy_forest::ruins: landmark Swamp placed at (0.5, 43.2)
2026-10-08T11:58:20.603435Z  INFO tileworld_bevy_forest::vignettes: vignette Forest "The Abandoned Camp" at 15.0,0.0,-37.1
2026-10-08T11:58:20.603588Z  INFO tileworld_bevy_forest::vignettes: vignette Desert "The Lost Caravan" at 47.0,0.0,-44.5
2026-10-08T11:58:20.603941Z  INFO tileworld_bevy_forest::vignettes: vignette Rocky "The Fallen Watchtower" at 172.3,0.5,24.8
2026-10-08T11:58:20.604100Z  INFO tileworld_bevy_forest::vignettes: vignette Snow "The Frozen Camp" at -73.0,0.5,-5.4
2026-10-08T11:58:20.604178Z  INFO tileworld_bevy_forest::vignettes: vignette Swamp "The Sunken Wreck" at 52.5,0.0,96.0
2026-10-08T11:58:20.799276Z  INFO tileworld_bevy_forest::ork_fortress: ork fortress: Gnashfang Hold built at 12,162
2026-10-08T11:58:20.875181Z  INFO tileworld_bevy_forest::wayside: wayside: no legal signpost spot at junction 76,-114
2026-10-08T11:58:20.875217Z  INFO tileworld_bevy_forest::wayside: wayside: no legal signpost spot at junction 27,-44
2026-10-08T11:58:20.875232Z  INFO tileworld_bevy_forest::wayside: wayside: no legal signpost spot at junction -104,68
2026-10-08T11:58:20.875261Z  INFO tileworld_bevy_forest::wayside: wayside: no legal signpost spot at junction 0,99
2026-10-08T11:58:20.875277Z  INFO tileworld_bevy_forest::wayside: wayside: no legal signpost spot at junction 84,-127
2026-10-08T11:58:20.875400Z  INFO tileworld_bevy_forest::wayside: wayside: no legal signpost spot at junction 113,-94
2026-10-08T11:58:20.875426Z  INFO tileworld_bevy_forest::wayside: wayside: no legal signpost spot at junction -0,145
2026-10-08T11:58:20.875447Z  INFO tileworld_bevy_forest::wayside: wayside: no legal signpost spot at junction 82,-108
2026-10-08T11:58:20.875467Z  INFO tileworld_bevy_forest::wayside: wayside: no legal signpost spot at junction -68,22
2026-10-08T11:58:20.875488Z  INFO tileworld_bevy_forest::wayside: wayside: no legal signpost spot at junction 42,-65
2026-10-08T11:58:20.875527Z  INFO tileworld_bevy_forest::wayside: wayside: no legal signpost spot at junction 22,-37
2026-10-08T11:58:20.875545Z  INFO tileworld_bevy_forest::wayside: wayside: no legal signpost spot at junction -136,90
2026-10-08T11:58:20.875620Z  INFO tileworld_bevy_forest::wayside: wayside: no legal signpost spot at junction -118,-6
2026-10-08T11:58:20.875792Z  INFO tileworld_bevy_forest::wayside: wayside: 7 signposts, 12 roadside pieces
2026-10-08T11:58:20.889007Z  INFO tileworld_bevy_forest::bog: bog: drowned tower at 15.6,83.8
2026-10-08T11:58:20.889172Z  INFO tileworld_bevy_forest::bog: bog: stilt hut at -10.6,102.8
2026-10-08T11:58:20.889184Z  INFO tileworld_bevy_forest::bog: bog: 28 drowned trees, 18 wisps, 20 glow-mushroom clusters
2026-10-08T11:58:20.901904Z  WARN tileworld_bevy_forest::poi: poi: no spot for the gallows on the fortress approach
2026-10-08T11:58:20.902420Z  INFO tileworld_bevy_forest::poi: poi: 4 set-pieces, 0 fields, smoke + crows over the Hold
2026-10-08T11:58:20.913770Z  INFO tileworld_bevy_forest::vista: vista: waterfall at 72.7,36.4 (wall 3.3u)
2026-10-08T11:58:20.913956Z  INFO tileworld_bevy_forest::vista: vista: overlook (rock summit → castle plain) at 96.8,6.6
2026-10-08T11:58:20.913978Z  INFO tileworld_bevy_forest::vista: vista: overlook (snow summit → western sea) at -101.2,-66.0
2026-10-08T11:58:20.913992Z  INFO tileworld_bevy_forest::vista: vista: overlook (canyon mouth → rival dunes) at 95.0,-66.0
2026-10-08T11:58:20.913997Z  INFO tileworld_bevy_forest::vista: vista: 3/3 overlooks
2026-10-08T11:58:20.914001Z  INFO tileworld_bevy_forest::biome: view → world map
2026-10-08T11:58:20.924486Z  INFO tileworld_bevy_forest::perftest: PERF_READY t=12.114
2026-10-08T11:58:20.955237Z  INFO tileworld_bevy_forest::blendertrees: blender trees replacements: forest=112, meadow=6, rts=0, treeline=0; dead/stump, orchard and nonforest biome trees retain native meshes
2026-10-08T11:58:21.301613Z  INFO tileworld_bevy_forest::perftest: STATE_DBG t=12.5 app=Playing modal=None
2026-10-08T11:58:21.302248Z  INFO tileworld_bevy_forest::perftest: PERF t=  12 fps= 121 ms=  8.3 ent=  9876 mesh= 4148 mat= 235 creature_mat=8 img=  146 atlas=16k/16p rss= 3.56GiB
2026-10-08T11:58:21.302493Z  INFO tileworld_bevy_forest::perftest:    arch   1408  BiomeEntity
2026-10-08T11:58:21.302502Z  INFO tileworld_bevy_forest::perftest:    arch    973  CreatureExt>>
2026-10-08T11:58:21.302505Z  INFO tileworld_bevy_forest::perftest:    arch    861  BipedPart
2026-10-08T11:58:21.302509Z  INFO tileworld_bevy_forest::perftest:    arch    590  BiomeEntity CastlePart RevealAt
2026-10-08T11:58:21.302513Z  INFO tileworld_bevy_forest::perftest:    arch    550  CreatureExt>> QuadPart
2026-10-08T11:58:21.302517Z  INFO tileworld_bevy_forest::perftest:    arch    472  BiomeEntity GroundCoverChunk
2026-10-08T11:58:21.302521Z  INFO tileworld_bevy_forest::perftest:    arch    413  BiomeEntity
2026-10-08T11:58:21.302525Z  INFO tileworld_bevy_forest::perftest:    arch    368  [engine x12 comps]
2026-10-08T11:58:21.302530Z  INFO tileworld_bevy_forest::perftest:    arch    330  CreatureExt>> QuadPart
2026-10-08T11:58:21.302534Z  INFO tileworld_bevy_forest::perftest:    arch    264  ChopTree Sway BiomeEntity
2026-10-08T11:58:21.302538Z  INFO tileworld_bevy_forest::perftest:    arch    220  BiomeEntity Beacon
2026-10-08T11:58:21.302542Z  INFO tileworld_bevy_forest::perftest:    arch    176  BiomeEntity RevealAt Decor
2026-10-08T11:58:21.302561Z  INFO tileworld_bevy_forest::perftest:   GPU Σ=5.13ms  main_opaque_pass_3d=3.58 early prepass=0.78 ui=0.16 bloom=0.13 bin_unpacking=0.12 smaa=0.09 clustering=0.06 main_transparent_pass_3d=0.06 tonemapping=0.05 early_mesh_preprocessing=0.04 postprocessing=0.03 upscaling=0.02
2026-10-08T11:58:26.302581Z  INFO tileworld_bevy_forest::perftest: STATE_DBG t=17.5 app=Playing modal=None
2026-10-08T11:58:26.303377Z  INFO tileworld_bevy_forest::perftest: PERF t=  17 fps= 128 ms=  8.1 ent=  9873 mesh= 4148 mat= 235 creature_mat=8 img=  146 atlas=16k/16p rss= 3.60GiB
2026-10-08T11:58:26.303595Z  INFO tileworld_bevy_forest::perftest:    arch   1408  BiomeEntity
2026-10-08T11:58:26.303606Z  INFO tileworld_bevy_forest::perftest:    arch    973  CreatureExt>>
2026-10-08T11:58:26.303611Z  INFO tileworld_bevy_forest::perftest:    arch    861  BipedPart
2026-10-08T11:58:26.303615Z  INFO tileworld_bevy_forest::perftest:    arch    590  BiomeEntity CastlePart RevealAt
2026-10-08T11:58:26.303619Z  INFO tileworld_bevy_forest::perftest:    arch    550  CreatureExt>> QuadPart
2026-10-08T11:58:26.303623Z  INFO tileworld_bevy_forest::perftest:    arch    472  BiomeEntity GroundCoverChunk
2026-10-08T11:58:26.303627Z  INFO tileworld_bevy_forest::perftest:    arch    413  BiomeEntity
2026-10-08T11:58:26.303631Z  INFO tileworld_bevy_forest::perftest:    arch    368  [engine x12 comps]
2026-10-08T11:58:26.303635Z  INFO tileworld_bevy_forest::perftest:    arch    330  CreatureExt>> QuadPart
2026-10-08T11:58:26.303639Z  INFO tileworld_bevy_forest::perftest:    arch    264  ChopTree Sway BiomeEntity
2026-10-08T11:58:26.303643Z  INFO tileworld_bevy_forest::perftest:    arch    220  BiomeEntity Beacon
2026-10-08T11:58:26.303648Z  INFO tileworld_bevy_forest::perftest:    arch    176  BiomeEntity RevealAt Decor
2026-10-08T11:58:26.303670Z  INFO tileworld_bevy_forest::perftest:   GPU Σ=5.01ms  main_opaque_pass_3d=3.59 early prepass=0.75 bloom=0.13 bin_unpacking=0.10 smaa=0.09 ui=0.08 clustering=0.06 main_transparent_pass_3d=0.06 tonemapping=0.05 early_mesh_preprocessing=0.04 postprocessing=0.03 upscaling=0.02
2026-10-08T11:58:31.305199Z  INFO tileworld_bevy_forest::perftest: STATE_DBG t=22.5 app=Playing modal=None
2026-10-08T11:58:31.305792Z  INFO tileworld_bevy_forest::perftest: PERF t=  22 fps= 132 ms=  7.6 ent=  9874 mesh= 4148 mat= 235 creature_mat=8 img=  146 atlas=16k/16p rss= 3.63GiB
2026-10-08T11:58:31.305985Z  INFO tileworld_bevy_forest::perftest:    arch   1408  BiomeEntity
2026-10-08T11:58:31.305994Z  INFO tileworld_bevy_forest::perftest:    arch    973  CreatureExt>>
2026-10-08T11:58:31.305998Z  INFO tileworld_bevy_forest::perftest:    arch    861  BipedPart
2026-10-08T11:58:31.306002Z  INFO tileworld_bevy_forest::perftest:    arch    590  BiomeEntity CastlePart RevealAt
2026-10-08T11:58:31.306006Z  INFO tileworld_bevy_forest::perftest:    arch    550  CreatureExt>> QuadPart
2026-10-08T11:58:31.306010Z  INFO tileworld_bevy_forest::perftest:    arch    472  BiomeEntity GroundCoverChunk
2026-10-08T11:58:31.306013Z  INFO tileworld_bevy_forest::perftest:    arch    413  BiomeEntity
2026-10-08T11:58:31.306016Z  INFO tileworld_bevy_forest::perftest:    arch    368  [engine x12 comps]
2026-10-08T11:58:31.306019Z  INFO tileworld_bevy_forest::perftest:    arch    330  CreatureExt>> QuadPart
2026-10-08T11:58:31.306022Z  INFO tileworld_bevy_forest::perftest:    arch    264  ChopTree Sway BiomeEntity
2026-10-08T11:58:31.306025Z  INFO tileworld_bevy_forest::perftest:    arch    220  BiomeEntity Beacon
2026-10-08T11:58:31.306028Z  INFO tileworld_bevy_forest::perftest:    arch    176  BiomeEntity RevealAt Decor
2026-10-08T11:58:31.306042Z  INFO tileworld_bevy_forest::perftest:   GPU Σ=5.03ms  main_opaque_pass_3d=3.61 early prepass=0.75 bloom=0.13 bin_unpacking=0.10 smaa=0.09 ui=0.08 clustering=0.06 main_transparent_pass_3d=0.06 tonemapping=0.05 early_mesh_preprocessing=0.04 postprocessing=0.03 upscaling=0.02
2026-10-08T11:58:36.310491Z  INFO tileworld_bevy_forest::perftest: STATE_DBG t=27.5 app=Playing modal=None
2026-10-08T11:58:36.311151Z  INFO tileworld_bevy_forest::perftest: PERF t=  28 fps= 109 ms=  9.2 ent=  9873 mesh= 4148 mat= 235 creature_mat=8 img=  146 atlas=16k/16p rss= 3.68GiB
2026-10-08T11:58:36.311402Z  INFO tileworld_bevy_forest::perftest:    arch   1408  BiomeEntity
2026-10-08T11:58:36.311421Z  INFO tileworld_bevy_forest::perftest:    arch    973  CreatureExt>>
2026-10-08T11:58:36.311424Z  INFO tileworld_bevy_forest::perftest:    arch    861  BipedPart
2026-10-08T11:58:36.311427Z  INFO tileworld_bevy_forest::perftest:    arch    590  BiomeEntity CastlePart RevealAt
2026-10-08T11:58:36.311430Z  INFO tileworld_bevy_forest::perftest:    arch    550  CreatureExt>> QuadPart
2026-10-08T11:58:36.311433Z  INFO tileworld_bevy_forest::perftest:    arch    472  BiomeEntity GroundCoverChunk
2026-10-08T11:58:36.311436Z  INFO tileworld_bevy_forest::perftest:    arch    413  BiomeEntity
2026-10-08T11:58:36.311439Z  INFO tileworld_bevy_forest::perftest:    arch    368  [engine x12 comps]
2026-10-08T11:58:36.311441Z  INFO tileworld_bevy_forest::perftest:    arch    330  CreatureExt>> QuadPart
2026-10-08T11:58:36.311444Z  INFO tileworld_bevy_forest::perftest:    arch    264  ChopTree Sway BiomeEntity
2026-10-08T11:58:36.311447Z  INFO tileworld_bevy_forest::perftest:    arch    220  BiomeEntity Beacon
2026-10-08T11:58:36.311450Z  INFO tileworld_bevy_forest::perftest:    arch    176  BiomeEntity RevealAt Decor
2026-10-08T11:58:36.311465Z  INFO tileworld_bevy_forest::perftest:   GPU Σ=5.02ms  main_opaque_pass_3d=3.57 early prepass=0.76 bloom=0.13 bin_unpacking=0.11 smaa=0.09 ui=0.08 clustering=0.06 main_transparent_pass_3d=0.06 tonemapping=0.05 early_mesh_preprocessing=0.04 postprocessing=0.03 upscaling=0.02
2026-10-08T11:58:41.312838Z  INFO tileworld_bevy_forest::perftest: STATE_DBG t=32.5 app=Playing modal=None
2026-10-08T11:58:41.313442Z  INFO tileworld_bevy_forest::perftest: PERF t=  33 fps=  81 ms= 12.5 ent=  9874 mesh= 4148 mat= 235 creature_mat=8 img=  146 atlas=16k/16p rss= 3.73GiB
2026-10-08T11:58:41.313649Z  INFO tileworld_bevy_forest::perftest:    arch   1408  BiomeEntity
2026-10-08T11:58:41.313658Z  INFO tileworld_bevy_forest::perftest:    arch    973  CreatureExt>>
2026-10-08T11:58:41.313662Z  INFO tileworld_bevy_forest::perftest:    arch    861  BipedPart
2026-10-08T11:58:41.313729Z  INFO tileworld_bevy_forest::perftest:    arch    590  BiomeEntity CastlePart RevealAt
2026-10-08T11:58:41.313740Z  INFO tileworld_bevy_forest::perftest:    arch    550  CreatureExt>> QuadPart
2026-10-08T11:58:41.313745Z  INFO tileworld_bevy_forest::perftest:    arch    472  BiomeEntity GroundCoverChunk
2026-10-08T11:58:41.313749Z  INFO tileworld_bevy_forest::perftest:    arch    413  BiomeEntity
2026-10-08T11:58:41.313753Z  INFO tileworld_bevy_forest::perftest:    arch    368  [engine x12 comps]
2026-10-08T11:58:41.313757Z  INFO tileworld_bevy_forest::perftest:    arch    330  CreatureExt>> QuadPart
2026-10-08T11:58:41.313761Z  INFO tileworld_bevy_forest::perftest:    arch    264  ChopTree Sway BiomeEntity
2026-10-08T11:58:41.313765Z  INFO tileworld_bevy_forest::perftest:    arch    220  BiomeEntity Beacon
2026-10-08T11:58:41.313769Z  INFO tileworld_bevy_forest::perftest:    arch    176  BiomeEntity RevealAt Decor
2026-10-08T11:58:41.313794Z  INFO tileworld_bevy_forest::perftest:   GPU Σ=4.99ms  main_opaque_pass_3d=3.57 early prepass=0.75 bloom=0.13 bin_unpacking=0.10 smaa=0.09 ui=0.09 clustering=0.06 main_transparent_pass_3d=0.06 tonemapping=0.05 early_mesh_preprocessing=0.04 postprocessing=0.03 upscaling=0.02
2026-10-08T11:58:46.314365Z  INFO tileworld_bevy_forest::perftest: STATE_DBG t=37.5 app=Playing modal=None
2026-10-08T11:58:46.315005Z  INFO tileworld_bevy_forest::perftest: PERF t=  38 fps= 122 ms=  8.3 ent=  9873 mesh= 4148 mat= 235 creature_mat=8 img=  146 atlas=16k/16p rss= 3.76GiB
2026-10-08T11:58:46.315231Z  INFO tileworld_bevy_forest::perftest:    arch   1408  BiomeEntity
2026-10-08T11:58:46.315239Z  INFO tileworld_bevy_forest::perftest:    arch    973  CreatureExt>>
2026-10-08T11:58:46.315244Z  INFO tileworld_bevy_forest::perftest:    arch    861  BipedPart
2026-10-08T11:58:46.315248Z  INFO tileworld_bevy_forest::perftest:    arch    590  BiomeEntity CastlePart RevealAt
2026-10-08T11:58:46.315253Z  INFO tileworld_bevy_forest::perftest:    arch    550  CreatureExt>> QuadPart
2026-10-08T11:58:46.315258Z  INFO tileworld_bevy_forest::perftest:    arch    472  BiomeEntity GroundCoverChunk
2026-10-08T11:58:46.315262Z  INFO tileworld_bevy_forest::perftest:    arch    413  BiomeEntity
2026-10-08T11:58:46.315266Z  INFO tileworld_bevy_forest::perftest:    arch    368  [engine x12 comps]
2026-10-08T11:58:46.315271Z  INFO tileworld_bevy_forest::perftest:    arch    330  CreatureExt>> QuadPart
2026-10-08T11:58:46.315276Z  INFO tileworld_bevy_forest::perftest:    arch    264  ChopTree Sway BiomeEntity
2026-10-08T11:58:46.315282Z  INFO tileworld_bevy_forest::perftest:    arch    220  BiomeEntity Beacon
2026-10-08T11:58:46.315289Z  INFO tileworld_bevy_forest::perftest:    arch    176  BiomeEntity RevealAt Decor
2026-10-08T11:58:46.315308Z  INFO tileworld_bevy_forest::perftest:   GPU Σ=5.02ms  main_opaque_pass_3d=3.58 early prepass=0.76 bloom=0.13 bin_unpacking=0.10 smaa=0.09 ui=0.08 clustering=0.06 main_transparent_pass_3d=0.06 tonemapping=0.06 early_mesh_preprocessing=0.04 postprocessing=0.03 upscaling=0.02
2026-10-08T11:58:51.322896Z  INFO tileworld_bevy_forest::perftest: STATE_DBG t=42.5 app=Playing modal=None
2026-10-08T11:58:51.323620Z  INFO tileworld_bevy_forest::perftest: PERF t=  43 fps= 109 ms=  9.2 ent=  9873 mesh= 4148 mat= 235 creature_mat=8 img=  146 atlas=16k/16p rss= 3.79GiB
2026-10-08T11:58:51.323946Z  INFO tileworld_bevy_forest::perftest:    arch   1408  BiomeEntity
2026-10-08T11:58:51.323961Z  INFO tileworld_bevy_forest::perftest:    arch    973  CreatureExt>>
2026-10-08T11:58:51.323966Z  INFO tileworld_bevy_forest::perftest:    arch    861  BipedPart
2026-10-08T11:58:51.323970Z  INFO tileworld_bevy_forest::perftest:    arch    590  BiomeEntity CastlePart RevealAt
2026-10-08T11:58:51.323974Z  INFO tileworld_bevy_forest::perftest:    arch    550  CreatureExt>> QuadPart
2026-10-08T11:58:51.323978Z  INFO tileworld_bevy_forest::perftest:    arch    472  BiomeEntity GroundCoverChunk
2026-10-08T11:58:51.323981Z  INFO tileworld_bevy_forest::perftest:    arch    413  BiomeEntity
2026-10-08T11:58:51.324029Z  INFO tileworld_bevy_forest::perftest:    arch    368  [engine x12 comps]
2026-10-08T11:58:51.324051Z  INFO tileworld_bevy_forest::perftest:    arch    330  CreatureExt>> QuadPart
2026-10-08T11:58:51.324056Z  INFO tileworld_bevy_forest::perftest:    arch    264  ChopTree Sway BiomeEntity
2026-10-08T11:58:51.324060Z  INFO tileworld_bevy_forest::perftest:    arch    220  BiomeEntity Beacon
2026-10-08T11:58:51.324065Z  INFO tileworld_bevy_forest::perftest:    arch    176  BiomeEntity RevealAt Decor
2026-10-08T11:58:51.324102Z  INFO tileworld_bevy_forest::perftest:   GPU Σ=4.99ms  main_opaque_pass_3d=3.56 early prepass=0.75 bloom=0.13 bin_unpacking=0.10 smaa=0.09 ui=0.08 clustering=0.06 main_transparent_pass_3d=0.06 tonemapping=0.05 early_mesh_preprocessing=0.04 postprocessing=0.03 upscaling=0.02
2026-10-08T11:58:56.325864Z  INFO tileworld_bevy_forest::perftest: STATE_DBG t=47.5 app=Playing modal=None
2026-10-08T11:58:56.326724Z  INFO tileworld_bevy_forest::perftest: PERF t=  48 fps=  47 ms= 21.4 ent=  9873 mesh= 4148 mat= 235 creature_mat=8 img=  146 atlas=16k/16p rss= 3.82GiB
2026-10-08T11:58:56.327050Z  INFO tileworld_bevy_forest::perftest:    arch   1408  BiomeEntity
2026-10-08T11:58:56.327070Z  INFO tileworld_bevy_forest::perftest:    arch    973  CreatureExt>>
2026-10-08T11:58:56.327075Z  INFO tileworld_bevy_forest::perftest:    arch    861  BipedPart
2026-10-08T11:58:56.327080Z  INFO tileworld_bevy_forest::perftest:    arch    590  BiomeEntity CastlePart RevealAt
2026-10-08T11:58:56.327084Z  INFO tileworld_bevy_forest::perftest:    arch    550  CreatureExt>> QuadPart
2026-10-08T11:58:56.327089Z  INFO tileworld_bevy_forest::perftest:    arch    472  BiomeEntity GroundCoverChunk
2026-10-08T11:58:56.327094Z  INFO tileworld_bevy_forest::perftest:    arch    413  BiomeEntity
2026-10-08T11:58:56.327099Z  INFO tileworld_bevy_forest::perftest:    arch    368  [engine x12 comps]
2026-10-08T11:58:56.327104Z  INFO tileworld_bevy_forest::perftest:    arch    330  CreatureExt>> QuadPart
2026-10-08T11:58:56.327109Z  INFO tileworld_bevy_forest::perftest:    arch    264  ChopTree Sway BiomeEntity
2026-10-08T11:58:56.327113Z  INFO tileworld_bevy_forest::perftest:    arch    220  BiomeEntity Beacon
2026-10-08T11:58:56.327117Z  INFO tileworld_bevy_forest::perftest:    arch    176  BiomeEntity RevealAt Decor
2026-10-08T11:58:56.327344Z  INFO tileworld_bevy_forest::perftest:   GPU Σ=5.03ms  main_opaque_pass_3d=3.60 early prepass=0.75 bloom=0.13 bin_unpacking=0.10 smaa=0.09 ui=0.08 clustering=0.06 main_transparent_pass_3d=0.06 tonemapping=0.05 early_mesh_preprocessing=0.04 postprocessing=0.03 upscaling=0.02
2026-10-08T11:59:01.329737Z  INFO tileworld_bevy_forest::perftest: STATE_DBG t=52.5 app=Playing modal=None
2026-10-08T11:59:01.330410Z  INFO tileworld_bevy_forest::perftest: PERF t=  53 fps= 110 ms=  9.2 ent=  9874 mesh= 4148 mat= 235 creature_mat=8 img=  146 atlas=16k/16p rss= 3.85GiB
2026-10-08T11:59:01.330632Z  INFO tileworld_bevy_forest::perftest:    arch   1408  BiomeEntity
2026-10-08T11:59:01.330647Z  INFO tileworld_bevy_forest::perftest:    arch    973  CreatureExt>>
2026-10-08T11:59:01.330653Z  INFO tileworld_bevy_forest::perftest:    arch    861  BipedPart
2026-10-08T11:59:01.330657Z  INFO tileworld_bevy_forest::perftest:    arch    590  BiomeEntity CastlePart RevealAt
2026-10-08T11:59:01.330662Z  INFO tileworld_bevy_forest::perftest:    arch    550  CreatureExt>> QuadPart
2026-10-08T11:59:01.330666Z  INFO tileworld_bevy_forest::perftest:    arch    472  BiomeEntity GroundCoverChunk
2026-10-08T11:59:01.330669Z  INFO tileworld_bevy_forest::perftest:    arch    413  BiomeEntity
2026-10-08T11:59:01.330674Z  INFO tileworld_bevy_forest::perftest:    arch    368  [engine x12 comps]
2026-10-08T11:59:01.330677Z  INFO tileworld_bevy_forest::perftest:    arch    330  CreatureExt>> QuadPart
2026-10-08T11:59:01.330682Z  INFO tileworld_bevy_forest::perftest:    arch    264  ChopTree Sway BiomeEntity
2026-10-08T11:59:01.330686Z  INFO tileworld_bevy_forest::perftest:    arch    220  BiomeEntity Beacon
2026-10-08T11:59:01.330696Z  INFO tileworld_bevy_forest::perftest:    arch    176  BiomeEntity RevealAt Decor
2026-10-08T11:59:01.330717Z  INFO tileworld_bevy_forest::perftest:   GPU Σ=5.03ms  main_opaque_pass_3d=3.59 early prepass=0.75 bloom=0.13 bin_unpacking=0.11 smaa=0.09 ui=0.08 clustering=0.06 main_transparent_pass_3d=0.06 tonemapping=0.05 early_mesh_preprocessing=0.04 postprocessing=0.03 upscaling=0.02
2026-10-08T11:59:06.331354Z  INFO tileworld_bevy_forest::perftest: STATE_DBG t=57.5 app=Playing modal=None
2026-10-08T11:59:06.331959Z  INFO tileworld_bevy_forest::perftest: PERF t=  58 fps= 129 ms=  7.9 ent=  9874 mesh= 4148 mat= 235 creature_mat=8 img=  146 atlas=16k/16p rss= 3.88GiB
2026-10-08T11:59:06.332161Z  INFO tileworld_bevy_forest::perftest:    arch   1408  BiomeEntity
2026-10-08T11:59:06.332174Z  INFO tileworld_bevy_forest::perftest:    arch    973  CreatureExt>>
2026-10-08T11:59:06.332179Z  INFO tileworld_bevy_forest::perftest:    arch    861  BipedPart
2026-10-08T11:59:06.332183Z  INFO tileworld_bevy_forest::perftest:    arch    590  BiomeEntity CastlePart RevealAt
2026-10-08T11:59:06.332187Z  INFO tileworld_bevy_forest::perftest:    arch    550  CreatureExt>> QuadPart
2026-10-08T11:59:06.332191Z  INFO tileworld_bevy_forest::perftest:    arch    472  BiomeEntity GroundCoverChunk
2026-10-08T11:59:06.332195Z  INFO tileworld_bevy_forest::perftest:    arch    413  BiomeEntity
2026-10-08T11:59:06.332199Z  INFO tileworld_bevy_forest::perftest:    arch    368  [engine x12 comps]
2026-10-08T11:59:06.332203Z  INFO tileworld_bevy_forest::perftest:    arch    330  CreatureExt>> QuadPart
2026-10-08T11:59:06.332207Z  INFO tileworld_bevy_forest::perftest:    arch    264  ChopTree Sway BiomeEntity
2026-10-08T11:59:06.332211Z  INFO tileworld_bevy_forest::perftest:    arch    220  BiomeEntity Beacon
2026-10-08T11:59:06.332215Z  INFO tileworld_bevy_forest::perftest:    arch    176  BiomeEntity RevealAt Decor
2026-10-08T11:59:06.332235Z  INFO tileworld_bevy_forest::perftest:   GPU Σ=5.04ms  main_opaque_pass_3d=3.61 early prepass=0.75 bloom=0.14 bin_unpacking=0.10 smaa=0.09 ui=0.09 clustering=0.06 main_transparent_pass_3d=0.06 tonemapping=0.05 early_mesh_preprocessing=0.04 postprocessing=0.03 upscaling=0.02
2026-10-08T11:59:08.811188Z  INFO tileworld_bevy_forest::perftest: PERF_SUMMARY mode=gameplay frames=3433 mean_ms=9.582 p50_ms=9.091 p95_ms=14.094 p99_ms=17.640 max_ms=31.974
2026-10-08T11:59:08.811237Z  INFO tileworld_bevy_forest::perftest: PERFTEST done (60s) — exiting
