2026-10-08T11:52:51.488297Z  INFO bevy_diagnostic::system_information_diagnostics_plugin::internal: SystemInfo { os: "Windows 11 Pro", kernel: "26200", cpu: "12th Gen Intel(R) Core(TM) i5-12400F", core_count: "6", memory: "31.8 GiB" }
2026-10-08T11:52:51.911144Z  INFO bevy_render::renderer: AdapterInfo { name: "NVIDIA GeForce RTX 5060 Ti", vendor: 4318, device: 11524, device_type: DiscreteGpu, device_pci_bus_id: "0000:01:00.0", driver: "NVIDIA", driver_info: "616.64", backend: Vulkan, subgroup_min_size: 32, subgroup_max_size: 32, transient_saves_memory: false }
2026-10-08T11:52:52.214901Z  INFO bevy_pbr::cluster: GPU clustering is supported on this device.
2026-10-08T11:52:52.214988Z  INFO bevy_render::batching::gpu_preprocessing: GPU preprocessing is fully supported on this device.
2026-10-08T11:52:52.215706Z  INFO bevy_egui::render: Using bindless_mode_array_size 16 (Device maximum 1048576)
2026-10-08T11:52:52.215918Z  INFO bevy_winit::system: Creating new window Warbell (65v0)
2026-10-08T11:52:52.279251Z  INFO tileworld_bevy_forest::blendertrees: blender trees: oak_a 2402 vertices 1394 triangles
2026-10-08T11:52:52.281108Z  INFO tileworld_bevy_forest::blendertrees: blender trees: oak_b 2402 vertices 1394 triangles
2026-10-08T11:52:52.282383Z  INFO tileworld_bevy_forest::blendertrees: blender trees: birch_a 2088 vertices 1170 triangles
2026-10-08T11:52:52.283688Z  INFO tileworld_bevy_forest::blendertrees: blender trees: birch_b 2088 vertices 1170 triangles
2026-10-08T11:52:52.285310Z  INFO tileworld_bevy_forest::blendertrees: blender trees: pine_a 2726 vertices 1668 triangles
2026-10-08T11:52:52.285330Z  INFO tileworld_bevy_forest::blendertrees: blender trees: 5 source models, 11706 source vertices, 6796 source triangles, one 1024px atlas, built in 23.6769ms
2026-10-08T11:52:52.286461Z  INFO tileworld_bevy_forest::perftest: PERFTEST start: duration=60s sim_speed=x1 — one PERF line every 5s, then exits
2026-10-08T11:52:57.995822Z  INFO tileworld_bevy_forest::poi: poi: planned 6 roadside clearings
2026-10-08T11:53:02.001774Z  INFO tileworld_bevy_forest::perftest: STATE_DBG t=8.2 app=Playing modal=None
2026-10-08T11:53:03.341286Z  INFO tileworld_bevy_forest::perftest: PERF t=   8 fps=  24 ms= 41.6 ent=  1523 mesh= 1411 mat=  93 creature_mat=4 img=  126 atlas=16k/16p rss= 0.63GiB
2026-10-08T11:53:03.341447Z  INFO tileworld_bevy_forest::perftest:    arch    185  BiomeEntity GroundCoverChunk
2026-10-08T11:53:03.341455Z  INFO tileworld_bevy_forest::perftest:    arch    184  BiomeEntity
2026-10-08T11:53:03.341460Z  INFO tileworld_bevy_forest::perftest:    arch    167  ChopTree Sway BiomeEntity
2026-10-08T11:53:03.341465Z  INFO tileworld_bevy_forest::perftest:    arch     81  [engine x1 comps]
2026-10-08T11:53:03.341469Z  INFO tileworld_bevy_forest::perftest:    arch     63  BiomeEntity ForestExtension>>
2026-10-08T11:53:03.341475Z  INFO tileworld_bevy_forest::perftest:    arch     63  BiomeEntity ForestExtension>>
2026-10-08T11:53:03.341481Z  INFO tileworld_bevy_forest::perftest:    arch     60  Pollen
2026-10-08T11:53:03.341486Z  INFO tileworld_bevy_forest::perftest:    arch     37  CreatureExt>>
2026-10-08T11:53:03.341491Z  INFO tileworld_bevy_forest::perftest:    arch     32  CampaignOnly Cloud
2026-10-08T11:53:03.341495Z  INFO tileworld_bevy_forest::perftest:    arch     30  BipedPart
2026-10-08T11:53:03.341499Z  INFO tileworld_bevy_forest::perftest:    arch     25  CreatureExt>> BossPart
2026-10-08T11:53:03.341505Z  INFO tileworld_bevy_forest::perftest:    arch     21  [engine x12 comps]
2026-10-08T11:53:03.341517Z  INFO tileworld_bevy_forest::perftest:   GPU Σ=-0.00ms  
2026-10-08T11:53:06.154099Z  INFO tileworld_bevy_forest::camps: camp 0 at -173.6,6.1
2026-10-08T11:53:06.154701Z  INFO tileworld_bevy_forest::camps: camp 1 at 5.8,-65.0
2026-10-08T11:53:06.155117Z  INFO tileworld_bevy_forest::camps: camp 2 at -127.3,103.7
2026-10-08T11:53:06.155504Z  INFO tileworld_bevy_forest::camps: camp 3 at -22.0,126.6
2026-10-08T11:53:06.155912Z  INFO tileworld_bevy_forest::camps: camp 4 at 21.9,-37.6
2026-10-08T11:53:06.322034Z  INFO tileworld_bevy_forest::chest: chests: 24 scattered (22 Relic) + 5 hoards
2026-10-08T11:53:06.349638Z  INFO tileworld_bevy_forest::ruins: landmark Snow placed at (-118.0, -6.1)
2026-10-08T11:53:06.349712Z  INFO tileworld_bevy_forest::ruins: landmark Desert placed at (43.6, -62.7)
2026-10-08T11:53:06.349733Z  INFO tileworld_bevy_forest::ruins: landmark Rocky placed at (35.9, 28.7)
2026-10-08T11:53:06.349756Z  INFO tileworld_bevy_forest::ruins: landmark Forest placed at (-105.9, 13.9)
2026-10-08T11:53:06.349773Z  INFO tileworld_bevy_forest::ruins: landmark Swamp placed at (0.5, 43.2)
2026-10-08T11:53:06.362577Z  INFO tileworld_bevy_forest::vignettes: vignette Forest "The Abandoned Camp" at 15.0,0.0,-37.1
2026-10-08T11:53:06.362827Z  INFO tileworld_bevy_forest::vignettes: vignette Desert "The Lost Caravan" at 47.0,0.0,-44.5
2026-10-08T11:53:06.363354Z  INFO tileworld_bevy_forest::vignettes: vignette Rocky "The Fallen Watchtower" at 172.3,0.5,24.8
2026-10-08T11:53:06.363666Z  INFO tileworld_bevy_forest::vignettes: vignette Snow "The Frozen Camp" at -73.0,0.5,-5.4
2026-10-08T11:53:06.363792Z  INFO tileworld_bevy_forest::vignettes: vignette Swamp "The Sunken Wreck" at 52.5,0.0,96.0
2026-10-08T11:53:06.625673Z  INFO tileworld_bevy_forest::ork_fortress: ork fortress: Gnashfang Hold built at 12,162
2026-10-08T11:53:06.686158Z  INFO tileworld_bevy_forest::perftest: STATE_DBG t=13.4 app=Playing modal=None
2026-10-08T11:53:06.697137Z  INFO tileworld_bevy_forest::perftest: PERF t=  13 fps=  80 ms= 12.5 ent=  9603 mesh= 4075 mat= 217 creature_mat=8 img=  143 atlas=16k/16p rss= 3.55GiB
2026-10-08T11:53:06.697413Z  INFO tileworld_bevy_forest::perftest:    arch   1378  BiomeEntity
2026-10-08T11:53:06.697421Z  INFO tileworld_bevy_forest::perftest:    arch    973  CreatureExt>>
2026-10-08T11:53:06.697425Z  INFO tileworld_bevy_forest::perftest:    arch    861  BipedPart
2026-10-08T11:53:06.697430Z  INFO tileworld_bevy_forest::perftest:    arch    579  BiomeEntity CastlePart RevealAt
2026-10-08T11:53:06.697434Z  INFO tileworld_bevy_forest::perftest:    arch    550  CreatureExt>> QuadPart
2026-10-08T11:53:06.697441Z  INFO tileworld_bevy_forest::perftest:    arch    472  BiomeEntity GroundCoverChunk
2026-10-08T11:53:06.697447Z  INFO tileworld_bevy_forest::perftest:    arch    393  BiomeEntity
2026-10-08T11:53:06.697452Z  INFO tileworld_bevy_forest::perftest:    arch    342  [engine x12 comps]
2026-10-08T11:53:06.697460Z  INFO tileworld_bevy_forest::perftest:    arch    330  CreatureExt>> QuadPart
2026-10-08T11:53:06.697466Z  INFO tileworld_bevy_forest::perftest:    arch    264  ChopTree Sway BiomeEntity
2026-10-08T11:53:06.697471Z  INFO tileworld_bevy_forest::perftest:    arch    220  BiomeEntity Beacon
2026-10-08T11:53:06.697475Z  INFO tileworld_bevy_forest::perftest:    arch    176  BiomeEntity RevealAt Decor
2026-10-08T11:53:06.697495Z  INFO tileworld_bevy_forest::perftest:   GPU Σ=6.25ms  main_opaque_pass_3d=4.02 early prepass=1.48 ui=0.17 bloom=0.14 bin_unpacking=0.11 smaa=0.09 clustering=0.07 tonemapping=0.06 early_mesh_preprocessing=0.04 postprocessing=0.03 main_transparent_pass_3d=0.02 upscaling=0.02
2026-10-08T11:53:06.734976Z  INFO tileworld_bevy_forest::wayside: wayside: no legal signpost spot at junction 76,-114
2026-10-08T11:53:06.735056Z  INFO tileworld_bevy_forest::wayside: wayside: no legal signpost spot at junction 27,-44
2026-10-08T11:53:06.735079Z  INFO tileworld_bevy_forest::wayside: wayside: no legal signpost spot at junction -104,68
2026-10-08T11:53:06.735129Z  INFO tileworld_bevy_forest::wayside: wayside: no legal signpost spot at junction 0,99
2026-10-08T11:53:06.735157Z  INFO tileworld_bevy_forest::wayside: wayside: no legal signpost spot at junction 84,-127
2026-10-08T11:53:06.735299Z  INFO tileworld_bevy_forest::wayside: wayside: no legal signpost spot at junction 113,-94
2026-10-08T11:53:06.735335Z  INFO tileworld_bevy_forest::wayside: wayside: no legal signpost spot at junction -0,145
2026-10-08T11:53:06.735362Z  INFO tileworld_bevy_forest::wayside: wayside: no legal signpost spot at junction 82,-108
2026-10-08T11:53:06.735391Z  INFO tileworld_bevy_forest::wayside: wayside: no legal signpost spot at junction -68,22
2026-10-08T11:53:06.735483Z  INFO tileworld_bevy_forest::wayside: wayside: no legal signpost spot at junction 42,-65
2026-10-08T11:53:06.735557Z  INFO tileworld_bevy_forest::wayside: wayside: no legal signpost spot at junction 22,-37
2026-10-08T11:53:06.735587Z  INFO tileworld_bevy_forest::wayside: wayside: no legal signpost spot at junction -136,90
2026-10-08T11:53:06.735677Z  INFO tileworld_bevy_forest::wayside: wayside: no legal signpost spot at junction -118,-6
2026-10-08T11:53:06.735910Z  INFO tileworld_bevy_forest::wayside: wayside: 7 signposts, 12 roadside pieces
2026-10-08T11:53:06.753558Z  INFO tileworld_bevy_forest::bog: bog: drowned tower at 15.6,83.8
2026-10-08T11:53:06.753750Z  INFO tileworld_bevy_forest::bog: bog: stilt hut at -10.6,102.8
2026-10-08T11:53:06.753763Z  INFO tileworld_bevy_forest::bog: bog: 28 drowned trees, 18 wisps, 20 glow-mushroom clusters
2026-10-08T11:53:06.772317Z  WARN tileworld_bevy_forest::poi: poi: no spot for the gallows on the fortress approach
2026-10-08T11:53:06.772858Z  INFO tileworld_bevy_forest::poi: poi: 4 set-pieces, 0 fields, smoke + crows over the Hold
2026-10-08T11:53:06.786510Z  INFO tileworld_bevy_forest::vista: vista: waterfall at 72.7,36.4 (wall 3.3u)
2026-10-08T11:53:06.786672Z  INFO tileworld_bevy_forest::vista: vista: overlook (rock summit → castle plain) at 96.8,6.6
2026-10-08T11:53:06.786690Z  INFO tileworld_bevy_forest::vista: vista: overlook (snow summit → western sea) at -101.2,-66.0
2026-10-08T11:53:06.786697Z  INFO tileworld_bevy_forest::vista: vista: overlook (canyon mouth → rival dunes) at 95.0,-66.0
2026-10-08T11:53:06.786703Z  INFO tileworld_bevy_forest::vista: vista: 3/3 overlooks
2026-10-08T11:53:06.786709Z  INFO tileworld_bevy_forest::biome: view → world map
2026-10-08T11:53:06.796860Z  INFO tileworld_bevy_forest::perftest: PERF_READY t=13.526
2026-10-08T11:53:06.817916Z  INFO tileworld_bevy_forest::blendertrees: blender trees replacements: forest=112, meadow=6, rts=0, treeline=0; dead/stump, orchard and nonforest biome trees retain native meshes
2026-10-08T11:53:11.689619Z  INFO tileworld_bevy_forest::perftest: STATE_DBG t=18.4 app=Playing modal=None
2026-10-08T11:53:11.690365Z  INFO tileworld_bevy_forest::perftest: PERF t=  18 fps=  84 ms= 12.0 ent=  9873 mesh= 4148 mat= 235 creature_mat=8 img=  146 atlas=16k/16p rss= 3.59GiB
2026-10-08T11:53:11.690600Z  INFO tileworld_bevy_forest::perftest:    arch   1408  BiomeEntity
2026-10-08T11:53:11.690615Z  INFO tileworld_bevy_forest::perftest:    arch    973  CreatureExt>>
2026-10-08T11:53:11.690620Z  INFO tileworld_bevy_forest::perftest:    arch    861  BipedPart
2026-10-08T11:53:11.690625Z  INFO tileworld_bevy_forest::perftest:    arch    590  BiomeEntity CastlePart RevealAt
2026-10-08T11:53:11.690629Z  INFO tileworld_bevy_forest::perftest:    arch    550  CreatureExt>> QuadPart
2026-10-08T11:53:11.690634Z  INFO tileworld_bevy_forest::perftest:    arch    472  BiomeEntity GroundCoverChunk
2026-10-08T11:53:11.690638Z  INFO tileworld_bevy_forest::perftest:    arch    413  BiomeEntity
2026-10-08T11:53:11.690643Z  INFO tileworld_bevy_forest::perftest:    arch    368  [engine x12 comps]
2026-10-08T11:53:11.690647Z  INFO tileworld_bevy_forest::perftest:    arch    330  CreatureExt>> QuadPart
2026-10-08T11:53:11.690652Z  INFO tileworld_bevy_forest::perftest:    arch    264  ChopTree Sway BiomeEntity
2026-10-08T11:53:11.690657Z  INFO tileworld_bevy_forest::perftest:    arch    220  BiomeEntity Beacon
2026-10-08T11:53:11.690661Z  INFO tileworld_bevy_forest::perftest:    arch    176  BiomeEntity RevealAt Decor
2026-10-08T11:53:11.690683Z  INFO tileworld_bevy_forest::perftest:   GPU Σ=4.62ms  main_opaque_pass_3d=3.26 early prepass=0.73 bloom=0.14 bin_unpacking=0.10 smaa=0.09 ui=0.08 clustering=0.06 tonemapping=0.05 early_mesh_preprocessing=0.04 postprocessing=0.03 upscaling=0.02 main_transparent_pass_3d=0.02
2026-10-08T11:53:16.694154Z  INFO tileworld_bevy_forest::perftest: STATE_DBG t=23.4 app=Playing modal=None
2026-10-08T11:53:16.694927Z  INFO tileworld_bevy_forest::perftest: PERF t=  23 fps= 108 ms=  9.3 ent=  9874 mesh= 4148 mat= 235 creature_mat=8 img=  146 atlas=16k/16p rss= 3.61GiB
2026-10-08T11:53:16.695178Z  INFO tileworld_bevy_forest::perftest:    arch   1408  BiomeEntity
2026-10-08T11:53:16.695192Z  INFO tileworld_bevy_forest::perftest:    arch    973  CreatureExt>>
2026-10-08T11:53:16.695198Z  INFO tileworld_bevy_forest::perftest:    arch    861  BipedPart
2026-10-08T11:53:16.695201Z  INFO tileworld_bevy_forest::perftest:    arch    590  BiomeEntity CastlePart RevealAt
2026-10-08T11:53:16.695205Z  INFO tileworld_bevy_forest::perftest:    arch    550  CreatureExt>> QuadPart
2026-10-08T11:53:16.695208Z  INFO tileworld_bevy_forest::perftest:    arch    472  BiomeEntity GroundCoverChunk
2026-10-08T11:53:16.695213Z  INFO tileworld_bevy_forest::perftest:    arch    413  BiomeEntity
2026-10-08T11:53:16.695217Z  INFO tileworld_bevy_forest::perftest:    arch    368  [engine x12 comps]
2026-10-08T11:53:16.695221Z  INFO tileworld_bevy_forest::perftest:    arch    330  CreatureExt>> QuadPart
2026-10-08T11:53:16.695226Z  INFO tileworld_bevy_forest::perftest:    arch    264  ChopTree Sway BiomeEntity
2026-10-08T11:53:16.695230Z  INFO tileworld_bevy_forest::perftest:    arch    220  BiomeEntity Beacon
2026-10-08T11:53:16.695234Z  INFO tileworld_bevy_forest::perftest:    arch    176  BiomeEntity RevealAt Decor
2026-10-08T11:53:16.695255Z  INFO tileworld_bevy_forest::perftest:   GPU Σ=4.64ms  main_opaque_pass_3d=3.26 early prepass=0.73 bloom=0.13 bin_unpacking=0.11 smaa=0.09 ui=0.09 clustering=0.06 tonemapping=0.05 early_mesh_preprocessing=0.04 postprocessing=0.03 upscaling=0.02 main_transparent_pass_3d=0.02
2026-10-08T11:53:21.695539Z  INFO tileworld_bevy_forest::perftest: STATE_DBG t=28.4 app=Playing modal=None
2026-10-08T11:53:21.696210Z  INFO tileworld_bevy_forest::perftest: PERF t=  28 fps=  94 ms= 10.7 ent=  9873 mesh= 4148 mat= 235 creature_mat=8 img=  146 atlas=16k/16p rss= 3.66GiB
2026-10-08T11:53:21.696460Z  INFO tileworld_bevy_forest::perftest:    arch   1408  BiomeEntity
2026-10-08T11:53:21.696477Z  INFO tileworld_bevy_forest::perftest:    arch    973  CreatureExt>>
2026-10-08T11:53:21.696482Z  INFO tileworld_bevy_forest::perftest:    arch    861  BipedPart
2026-10-08T11:53:21.696486Z  INFO tileworld_bevy_forest::perftest:    arch    590  BiomeEntity CastlePart RevealAt
2026-10-08T11:53:21.696490Z  INFO tileworld_bevy_forest::perftest:    arch    550  CreatureExt>> QuadPart
2026-10-08T11:53:21.696494Z  INFO tileworld_bevy_forest::perftest:    arch    472  BiomeEntity GroundCoverChunk
2026-10-08T11:53:21.696497Z  INFO tileworld_bevy_forest::perftest:    arch    413  BiomeEntity
2026-10-08T11:53:21.696501Z  INFO tileworld_bevy_forest::perftest:    arch    368  [engine x12 comps]
2026-10-08T11:53:21.696505Z  INFO tileworld_bevy_forest::perftest:    arch    330  CreatureExt>> QuadPart
2026-10-08T11:53:21.696509Z  INFO tileworld_bevy_forest::perftest:    arch    264  ChopTree Sway BiomeEntity
2026-10-08T11:53:21.696513Z  INFO tileworld_bevy_forest::perftest:    arch    220  BiomeEntity Beacon
2026-10-08T11:53:21.696517Z  INFO tileworld_bevy_forest::perftest:    arch    176  BiomeEntity RevealAt Decor
2026-10-08T11:53:21.696538Z  INFO tileworld_bevy_forest::perftest:   GPU Σ=4.63ms  main_opaque_pass_3d=3.26 early prepass=0.73 bloom=0.13 bin_unpacking=0.11 smaa=0.09 ui=0.08 clustering=0.06 tonemapping=0.05 early_mesh_preprocessing=0.04 postprocessing=0.03 upscaling=0.02 main_transparent_pass_3d=0.02
2026-10-08T11:53:26.707199Z  INFO tileworld_bevy_forest::perftest: STATE_DBG t=33.4 app=Playing modal=None
2026-10-08T11:53:26.708142Z  INFO tileworld_bevy_forest::perftest: PERF t=  33 fps=  71 ms= 14.2 ent=  9874 mesh= 4148 mat= 235 creature_mat=8 img=  146 atlas=16k/16p rss= 3.70GiB
2026-10-08T11:53:26.708605Z  INFO tileworld_bevy_forest::perftest:    arch   1408  BiomeEntity
2026-10-08T11:53:26.708625Z  INFO tileworld_bevy_forest::perftest:    arch    973  CreatureExt>>
2026-10-08T11:53:26.708629Z  INFO tileworld_bevy_forest::perftest:    arch    861  BipedPart
2026-10-08T11:53:26.708706Z  INFO tileworld_bevy_forest::perftest:    arch    590  BiomeEntity CastlePart RevealAt
2026-10-08T11:53:26.708714Z  INFO tileworld_bevy_forest::perftest:    arch    550  CreatureExt>> QuadPart
2026-10-08T11:53:26.708718Z  INFO tileworld_bevy_forest::perftest:    arch    472  BiomeEntity GroundCoverChunk
2026-10-08T11:53:26.708722Z  INFO tileworld_bevy_forest::perftest:    arch    413  BiomeEntity
2026-10-08T11:53:26.708726Z  INFO tileworld_bevy_forest::perftest:    arch    368  [engine x12 comps]
2026-10-08T11:53:26.708730Z  INFO tileworld_bevy_forest::perftest:    arch    330  CreatureExt>> QuadPart
2026-10-08T11:53:26.708734Z  INFO tileworld_bevy_forest::perftest:    arch    264  ChopTree Sway BiomeEntity
2026-10-08T11:53:26.708738Z  INFO tileworld_bevy_forest::perftest:    arch    220  BiomeEntity Beacon
2026-10-08T11:53:26.708742Z  INFO tileworld_bevy_forest::perftest:    arch    176  BiomeEntity RevealAt Decor
2026-10-08T11:53:26.708768Z  INFO tileworld_bevy_forest::perftest:   GPU Σ=4.62ms  main_opaque_pass_3d=3.24 early prepass=0.74 bloom=0.13 bin_unpacking=0.11 smaa=0.09 ui=0.08 clustering=0.06 tonemapping=0.05 early_mesh_preprocessing=0.04 postprocessing=0.03 upscaling=0.02 main_transparent_pass_3d=0.02
2026-10-08T11:53:31.720479Z  INFO tileworld_bevy_forest::perftest: STATE_DBG t=38.4 app=Playing modal=None
2026-10-08T11:53:31.721142Z  INFO tileworld_bevy_forest::perftest: PERF t=  38 fps= 101 ms= 10.1 ent=  9873 mesh= 4148 mat= 235 creature_mat=8 img=  146 atlas=16k/16p rss= 3.73GiB
2026-10-08T11:53:31.721355Z  INFO tileworld_bevy_forest::perftest:    arch   1408  BiomeEntity
2026-10-08T11:53:31.721373Z  INFO tileworld_bevy_forest::perftest:    arch    973  CreatureExt>>
2026-10-08T11:53:31.721379Z  INFO tileworld_bevy_forest::perftest:    arch    861  BipedPart
2026-10-08T11:53:31.721383Z  INFO tileworld_bevy_forest::perftest:    arch    590  BiomeEntity CastlePart RevealAt
2026-10-08T11:53:31.721388Z  INFO tileworld_bevy_forest::perftest:    arch    550  CreatureExt>> QuadPart
2026-10-08T11:53:31.721392Z  INFO tileworld_bevy_forest::perftest:    arch    472  BiomeEntity GroundCoverChunk
2026-10-08T11:53:31.721395Z  INFO tileworld_bevy_forest::perftest:    arch    413  BiomeEntity
2026-10-08T11:53:31.721400Z  INFO tileworld_bevy_forest::perftest:    arch    368  [engine x12 comps]
2026-10-08T11:53:31.721403Z  INFO tileworld_bevy_forest::perftest:    arch    330  CreatureExt>> QuadPart
2026-10-08T11:53:31.721407Z  INFO tileworld_bevy_forest::perftest:    arch    264  ChopTree Sway BiomeEntity
2026-10-08T11:53:31.721410Z  INFO tileworld_bevy_forest::perftest:    arch    220  BiomeEntity Beacon
2026-10-08T11:53:31.721414Z  INFO tileworld_bevy_forest::perftest:    arch    176  BiomeEntity RevealAt Decor
2026-10-08T11:53:31.721432Z  INFO tileworld_bevy_forest::perftest:   GPU Σ=4.61ms  main_opaque_pass_3d=3.24 early prepass=0.73 bloom=0.13 bin_unpacking=0.11 smaa=0.09 ui=0.08 clustering=0.06 tonemapping=0.05 early_mesh_preprocessing=0.04 postprocessing=0.03 upscaling=0.02 main_transparent_pass_3d=0.02
2026-10-08T11:53:36.726525Z  INFO tileworld_bevy_forest::perftest: STATE_DBG t=43.5 app=Playing modal=None
2026-10-08T11:53:36.727243Z  INFO tileworld_bevy_forest::perftest: PERF t=  43 fps=  86 ms= 11.7 ent=  9873 mesh= 4148 mat= 235 creature_mat=8 img=  146 atlas=16k/16p rss= 3.76GiB
2026-10-08T11:53:36.727517Z  INFO tileworld_bevy_forest::perftest:    arch   1408  BiomeEntity
2026-10-08T11:53:36.727535Z  INFO tileworld_bevy_forest::perftest:    arch    973  CreatureExt>>
2026-10-08T11:53:36.727539Z  INFO tileworld_bevy_forest::perftest:    arch    861  BipedPart
2026-10-08T11:53:36.727544Z  INFO tileworld_bevy_forest::perftest:    arch    590  BiomeEntity CastlePart RevealAt
2026-10-08T11:53:36.727548Z  INFO tileworld_bevy_forest::perftest:    arch    550  CreatureExt>> QuadPart
2026-10-08T11:53:36.727552Z  INFO tileworld_bevy_forest::perftest:    arch    472  BiomeEntity GroundCoverChunk
2026-10-08T11:53:36.727559Z  INFO tileworld_bevy_forest::perftest:    arch    413  BiomeEntity
2026-10-08T11:53:36.727661Z  INFO tileworld_bevy_forest::perftest:    arch    368  [engine x12 comps]
2026-10-08T11:53:36.727675Z  INFO tileworld_bevy_forest::perftest:    arch    330  CreatureExt>> QuadPart
2026-10-08T11:53:36.727681Z  INFO tileworld_bevy_forest::perftest:    arch    264  ChopTree Sway BiomeEntity
2026-10-08T11:53:36.727687Z  INFO tileworld_bevy_forest::perftest:    arch    220  BiomeEntity Beacon
2026-10-08T11:53:36.727692Z  INFO tileworld_bevy_forest::perftest:    arch    176  BiomeEntity RevealAt Decor
2026-10-08T11:53:36.727717Z  INFO tileworld_bevy_forest::perftest:   GPU Σ=4.68ms  main_opaque_pass_3d=3.31 early prepass=0.73 bloom=0.13 bin_unpacking=0.10 smaa=0.09 ui=0.08 clustering=0.06 tonemapping=0.05 early_mesh_preprocessing=0.04 postprocessing=0.03 upscaling=0.02 main_transparent_pass_3d=0.02
2026-10-08T11:53:41.736112Z  INFO tileworld_bevy_forest::perftest: STATE_DBG t=48.5 app=Playing modal=None
2026-10-08T11:53:41.736722Z  INFO tileworld_bevy_forest::perftest: PERF t=  48 fps= 106 ms=  9.5 ent=  9873 mesh= 4148 mat= 235 creature_mat=8 img=  146 atlas=16k/16p rss= 3.78GiB
2026-10-08T11:53:41.736891Z  INFO tileworld_bevy_forest::perftest:    arch   1408  BiomeEntity
2026-10-08T11:53:41.736898Z  INFO tileworld_bevy_forest::perftest:    arch    973  CreatureExt>>
2026-10-08T11:53:41.736902Z  INFO tileworld_bevy_forest::perftest:    arch    861  BipedPart
2026-10-08T11:53:41.736906Z  INFO tileworld_bevy_forest::perftest:    arch    590  BiomeEntity CastlePart RevealAt
2026-10-08T11:53:41.736911Z  INFO tileworld_bevy_forest::perftest:    arch    550  CreatureExt>> QuadPart
2026-10-08T11:53:41.736915Z  INFO tileworld_bevy_forest::perftest:    arch    472  BiomeEntity GroundCoverChunk
2026-10-08T11:53:41.736919Z  INFO tileworld_bevy_forest::perftest:    arch    413  BiomeEntity
2026-10-08T11:53:41.736923Z  INFO tileworld_bevy_forest::perftest:    arch    368  [engine x12 comps]
2026-10-08T11:53:41.736927Z  INFO tileworld_bevy_forest::perftest:    arch    330  CreatureExt>> QuadPart
2026-10-08T11:53:41.736930Z  INFO tileworld_bevy_forest::perftest:    arch    264  ChopTree Sway BiomeEntity
2026-10-08T11:53:41.736934Z  INFO tileworld_bevy_forest::perftest:    arch    220  BiomeEntity Beacon
2026-10-08T11:53:41.736939Z  INFO tileworld_bevy_forest::perftest:    arch    176  BiomeEntity RevealAt Decor
2026-10-08T11:53:41.736955Z  INFO tileworld_bevy_forest::perftest:   GPU Σ=4.63ms  main_opaque_pass_3d=3.26 early prepass=0.73 bloom=0.13 bin_unpacking=0.10 smaa=0.09 ui=0.08 clustering=0.06 tonemapping=0.05 early_mesh_preprocessing=0.04 postprocessing=0.03 upscaling=0.02 main_transparent_pass_3d=0.02
2026-10-08T11:53:46.738237Z  INFO tileworld_bevy_forest::perftest: STATE_DBG t=53.5 app=Playing modal=None
2026-10-08T11:53:46.738852Z  INFO tileworld_bevy_forest::perftest: PERF t=  53 fps= 114 ms=  8.9 ent=  9873 mesh= 4148 mat= 235 creature_mat=8 img=  146 atlas=16k/16p rss= 3.81GiB
2026-10-08T11:53:46.739044Z  INFO tileworld_bevy_forest::perftest:    arch   1408  BiomeEntity
2026-10-08T11:53:46.739090Z  INFO tileworld_bevy_forest::perftest:    arch    973  CreatureExt>>
2026-10-08T11:53:46.739094Z  INFO tileworld_bevy_forest::perftest:    arch    861  BipedPart
2026-10-08T11:53:46.739097Z  INFO tileworld_bevy_forest::perftest:    arch    590  BiomeEntity CastlePart RevealAt
2026-10-08T11:53:46.739100Z  INFO tileworld_bevy_forest::perftest:    arch    550  CreatureExt>> QuadPart
2026-10-08T11:53:46.739103Z  INFO tileworld_bevy_forest::perftest:    arch    472  BiomeEntity GroundCoverChunk
2026-10-08T11:53:46.739105Z  INFO tileworld_bevy_forest::perftest:    arch    413  BiomeEntity
2026-10-08T11:53:46.739108Z  INFO tileworld_bevy_forest::perftest:    arch    368  [engine x12 comps]
2026-10-08T11:53:46.739111Z  INFO tileworld_bevy_forest::perftest:    arch    330  CreatureExt>> QuadPart
2026-10-08T11:53:46.739113Z  INFO tileworld_bevy_forest::perftest:    arch    264  ChopTree Sway BiomeEntity
2026-10-08T11:53:46.739116Z  INFO tileworld_bevy_forest::perftest:    arch    220  BiomeEntity Beacon
2026-10-08T11:53:46.739127Z  INFO tileworld_bevy_forest::perftest:    arch    176  BiomeEntity RevealAt Decor
2026-10-08T11:53:46.739149Z  INFO tileworld_bevy_forest::perftest:   GPU Σ=4.65ms  main_opaque_pass_3d=3.28 early prepass=0.73 bloom=0.13 bin_unpacking=0.10 smaa=0.09 ui=0.08 clustering=0.06 tonemapping=0.05 early_mesh_preprocessing=0.04 postprocessing=0.03 upscaling=0.02 main_transparent_pass_3d=0.02
2026-10-08T11:53:51.748336Z  INFO tileworld_bevy_forest::perftest: STATE_DBG t=58.5 app=Playing modal=None
2026-10-08T11:53:51.749118Z  INFO tileworld_bevy_forest::perftest: PERF t=  58 fps=  95 ms= 10.5 ent=  9874 mesh= 4148 mat= 235 creature_mat=8 img=  146 atlas=16k/16p rss= 3.84GiB
2026-10-08T11:53:51.749368Z  INFO tileworld_bevy_forest::perftest:    arch   1408  BiomeEntity
2026-10-08T11:53:51.749397Z  INFO tileworld_bevy_forest::perftest:    arch    973  CreatureExt>>
2026-10-08T11:53:51.749405Z  INFO tileworld_bevy_forest::perftest:    arch    861  BipedPart
2026-10-08T11:53:51.749413Z  INFO tileworld_bevy_forest::perftest:    arch    590  BiomeEntity CastlePart RevealAt
2026-10-08T11:53:51.749418Z  INFO tileworld_bevy_forest::perftest:    arch    550  CreatureExt>> QuadPart
2026-10-08T11:53:51.749426Z  INFO tileworld_bevy_forest::perftest:    arch    472  BiomeEntity GroundCoverChunk
2026-10-08T11:53:51.749431Z  INFO tileworld_bevy_forest::perftest:    arch    413  BiomeEntity
2026-10-08T11:53:51.749437Z  INFO tileworld_bevy_forest::perftest:    arch    368  [engine x12 comps]
2026-10-08T11:53:51.749442Z  INFO tileworld_bevy_forest::perftest:    arch    330  CreatureExt>> QuadPart
2026-10-08T11:53:51.749447Z  INFO tileworld_bevy_forest::perftest:    arch    264  ChopTree Sway BiomeEntity
2026-10-08T11:53:51.749452Z  INFO tileworld_bevy_forest::perftest:    arch    220  BiomeEntity Beacon
2026-10-08T11:53:51.749457Z  INFO tileworld_bevy_forest::perftest:    arch    176  BiomeEntity RevealAt Decor
2026-10-08T11:53:51.749484Z  INFO tileworld_bevy_forest::perftest:   GPU Σ=4.61ms  main_opaque_pass_3d=3.24 early prepass=0.73 bloom=0.13 bin_unpacking=0.10 smaa=0.09 ui=0.08 clustering=0.06 tonemapping=0.05 early_mesh_preprocessing=0.04 postprocessing=0.03 upscaling=0.02 main_transparent_pass_3d=0.02
2026-10-08T11:53:53.274000Z  INFO tileworld_bevy_forest::perftest: PERF_SUMMARY mode=gameplay frames=2877 mean_ms=10.944 p50_ms=9.823 p95_ms=19.005 p99_ms=29.470 max_ms=156.888
2026-10-08T11:53:53.274043Z  INFO tileworld_bevy_forest::perftest: PERFTEST done (60s) — exiting
