2026-10-08T12:10:43.293758Z  INFO bevy_diagnostic::system_information_diagnostics_plugin::internal: SystemInfo { os: "Windows 11 Pro", kernel: "26200", cpu: "12th Gen Intel(R) Core(TM) i5-12400F", core_count: "6", memory: "31.8 GiB" }
2026-10-08T12:10:43.661415Z  INFO bevy_render::renderer: AdapterInfo { name: "NVIDIA GeForce RTX 5060 Ti", vendor: 4318, device: 11524, device_type: DiscreteGpu, device_pci_bus_id: "0000:01:00.0", driver: "NVIDIA", driver_info: "616.64", backend: Vulkan, subgroup_min_size: 32, subgroup_max_size: 32, transient_saves_memory: false }
2026-10-08T12:10:43.947606Z  INFO bevy_pbr::cluster: GPU clustering is supported on this device.
2026-10-08T12:10:43.947682Z  INFO bevy_render::batching::gpu_preprocessing: GPU preprocessing is fully supported on this device.
2026-10-08T12:10:43.948459Z  INFO bevy_egui::render: Using bindless_mode_array_size 16 (Device maximum 1048576)
2026-10-08T12:10:43.948646Z  INFO bevy_winit::system: Creating new window Warbell (65v0)
2026-10-08T12:10:44.012729Z  INFO tileworld_bevy_forest::blendertrees: blender trees: oak_a 2402 vertices 1394 triangles
2026-10-08T12:10:44.014072Z  INFO tileworld_bevy_forest::blendertrees: blender trees: oak_b 2402 vertices 1394 triangles
2026-10-08T12:10:44.014975Z  INFO tileworld_bevy_forest::blendertrees: blender trees: birch_a 2088 vertices 1170 triangles
2026-10-08T12:10:44.015808Z  INFO tileworld_bevy_forest::blendertrees: blender trees: birch_b 2088 vertices 1170 triangles
2026-10-08T12:10:44.017471Z  INFO tileworld_bevy_forest::blendertrees: blender trees: pine_a 2726 vertices 1668 triangles
2026-10-08T12:10:44.017492Z  INFO tileworld_bevy_forest::blendertrees: blender trees: 5 source models, 11706 source vertices, 6796 source triangles, one 1024px atlas, built in 18.1118ms
2026-10-08T12:10:44.018565Z  INFO tileworld_bevy_forest::perftest: PERFTEST start: duration=60s sim_speed=x1 — one PERF line every 5s, then exits
2026-10-08T12:10:49.328952Z  INFO tileworld_bevy_forest::poi: poi: planned 6 roadside clearings
2026-10-08T12:10:52.596125Z  INFO tileworld_bevy_forest::perftest: STATE_DBG t=7.3 app=Playing modal=None
2026-10-08T12:10:53.690969Z  INFO tileworld_bevy_forest::perftest: PERF t=   7 fps=  24 ms= 41.9 ent=  1523 mesh= 1411 mat=  93 creature_mat=4 img=  126 atlas=16k/16p rss= 0.61GiB
2026-10-08T12:10:53.691155Z  INFO tileworld_bevy_forest::perftest:    arch    185  BiomeEntity GroundCoverChunk
2026-10-08T12:10:53.691165Z  INFO tileworld_bevy_forest::perftest:    arch    184  BiomeEntity
2026-10-08T12:10:53.691170Z  INFO tileworld_bevy_forest::perftest:    arch    167  ChopTree Sway BiomeEntity
2026-10-08T12:10:53.691173Z  INFO tileworld_bevy_forest::perftest:    arch     81  [engine x1 comps]
2026-10-08T12:10:53.691177Z  INFO tileworld_bevy_forest::perftest:    arch     63  BiomeEntity ForestExtension>>
2026-10-08T12:10:53.691180Z  INFO tileworld_bevy_forest::perftest:    arch     63  BiomeEntity ForestExtension>>
2026-10-08T12:10:53.691184Z  INFO tileworld_bevy_forest::perftest:    arch     60  Pollen
2026-10-08T12:10:53.691188Z  INFO tileworld_bevy_forest::perftest:    arch     37  CreatureExt>>
2026-10-08T12:10:53.691192Z  INFO tileworld_bevy_forest::perftest:    arch     32  CampaignOnly Cloud
2026-10-08T12:10:53.691195Z  INFO tileworld_bevy_forest::perftest:    arch     30  BipedPart
2026-10-08T12:10:53.691199Z  INFO tileworld_bevy_forest::perftest:    arch     25  CreatureExt>> BossPart
2026-10-08T12:10:53.691203Z  INFO tileworld_bevy_forest::perftest:    arch     21  [engine x12 comps]
2026-10-08T12:10:53.691216Z  INFO tileworld_bevy_forest::perftest:   GPU Σ=-0.00ms  
2026-10-08T12:10:55.737887Z  INFO tileworld_bevy_forest::camps: camp 0 at -173.6,6.1
2026-10-08T12:10:55.738310Z  INFO tileworld_bevy_forest::camps: camp 1 at 5.8,-65.0
2026-10-08T12:10:55.738652Z  INFO tileworld_bevy_forest::camps: camp 2 at -127.3,103.7
2026-10-08T12:10:55.738956Z  INFO tileworld_bevy_forest::camps: camp 3 at -22.0,126.6
2026-10-08T12:10:55.739252Z  INFO tileworld_bevy_forest::camps: camp 4 at 21.9,-37.6
2026-10-08T12:10:55.832717Z  INFO tileworld_bevy_forest::chest: chests: 24 scattered (22 Relic) + 5 hoards
2026-10-08T12:10:55.850629Z  INFO tileworld_bevy_forest::ruins: landmark Snow placed at (-118.0, -6.1)
2026-10-08T12:10:55.850725Z  INFO tileworld_bevy_forest::ruins: landmark Desert placed at (43.6, -62.7)
2026-10-08T12:10:55.850745Z  INFO tileworld_bevy_forest::ruins: landmark Rocky placed at (35.9, 28.7)
2026-10-08T12:10:55.850774Z  INFO tileworld_bevy_forest::ruins: landmark Forest placed at (-105.9, 13.9)
2026-10-08T12:10:55.850792Z  INFO tileworld_bevy_forest::ruins: landmark Swamp placed at (0.5, 43.2)
2026-10-08T12:10:55.858622Z  INFO tileworld_bevy_forest::vignettes: vignette Forest "The Abandoned Camp" at 15.0,0.0,-37.1
2026-10-08T12:10:55.858754Z  INFO tileworld_bevy_forest::vignettes: vignette Desert "The Lost Caravan" at 47.0,0.0,-44.5
2026-10-08T12:10:55.859030Z  INFO tileworld_bevy_forest::vignettes: vignette Rocky "The Fallen Watchtower" at 172.3,0.5,24.8
2026-10-08T12:10:55.859175Z  INFO tileworld_bevy_forest::vignettes: vignette Snow "The Frozen Camp" at -73.0,0.5,-5.4
2026-10-08T12:10:55.859236Z  INFO tileworld_bevy_forest::vignettes: vignette Swamp "The Sunken Wreck" at 52.5,0.0,96.0
2026-10-08T12:10:56.047764Z  INFO tileworld_bevy_forest::ork_fortress: ork fortress: Gnashfang Hold built at 12,162
2026-10-08T12:10:56.121557Z  INFO tileworld_bevy_forest::wayside: wayside: no legal signpost spot at junction 76,-114
2026-10-08T12:10:56.121618Z  INFO tileworld_bevy_forest::wayside: wayside: no legal signpost spot at junction 27,-44
2026-10-08T12:10:56.121636Z  INFO tileworld_bevy_forest::wayside: wayside: no legal signpost spot at junction -104,68
2026-10-08T12:10:56.121664Z  INFO tileworld_bevy_forest::wayside: wayside: no legal signpost spot at junction 0,99
2026-10-08T12:10:56.121680Z  INFO tileworld_bevy_forest::wayside: wayside: no legal signpost spot at junction 84,-127
2026-10-08T12:10:56.121777Z  INFO tileworld_bevy_forest::wayside: wayside: no legal signpost spot at junction 113,-94
2026-10-08T12:10:56.121795Z  INFO tileworld_bevy_forest::wayside: wayside: no legal signpost spot at junction -0,145
2026-10-08T12:10:56.121809Z  INFO tileworld_bevy_forest::wayside: wayside: no legal signpost spot at junction 82,-108
2026-10-08T12:10:56.121823Z  INFO tileworld_bevy_forest::wayside: wayside: no legal signpost spot at junction -68,22
2026-10-08T12:10:56.121836Z  INFO tileworld_bevy_forest::wayside: wayside: no legal signpost spot at junction 42,-65
2026-10-08T12:10:56.121866Z  INFO tileworld_bevy_forest::wayside: wayside: no legal signpost spot at junction 22,-37
2026-10-08T12:10:56.121885Z  INFO tileworld_bevy_forest::wayside: wayside: no legal signpost spot at junction -136,90
2026-10-08T12:10:56.121959Z  INFO tileworld_bevy_forest::wayside: wayside: no legal signpost spot at junction -118,-6
2026-10-08T12:10:56.122138Z  INFO tileworld_bevy_forest::wayside: wayside: 7 signposts, 12 roadside pieces
2026-10-08T12:10:56.138881Z  INFO tileworld_bevy_forest::bog: bog: drowned tower at 15.6,83.8
2026-10-08T12:10:56.139064Z  INFO tileworld_bevy_forest::bog: bog: stilt hut at -10.6,102.8
2026-10-08T12:10:56.139075Z  INFO tileworld_bevy_forest::bog: bog: 28 drowned trees, 18 wisps, 20 glow-mushroom clusters
2026-10-08T12:10:56.144673Z  WARN tileworld_bevy_forest::poi: poi: no spot for the gallows on the fortress approach
2026-10-08T12:10:56.145133Z  INFO tileworld_bevy_forest::poi: poi: 4 set-pieces, 0 fields, smoke + crows over the Hold
2026-10-08T12:10:56.150995Z  INFO tileworld_bevy_forest::vista: vista: waterfall at 72.7,36.4 (wall 3.3u)
2026-10-08T12:10:56.151112Z  INFO tileworld_bevy_forest::vista: vista: overlook (rock summit → castle plain) at 96.8,6.6
2026-10-08T12:10:56.151120Z  INFO tileworld_bevy_forest::vista: vista: overlook (snow summit → western sea) at -101.2,-66.0
2026-10-08T12:10:56.151125Z  INFO tileworld_bevy_forest::vista: vista: overlook (canyon mouth → rival dunes) at 95.0,-66.0
2026-10-08T12:10:56.151128Z  INFO tileworld_bevy_forest::vista: vista: 3/3 overlooks
2026-10-08T12:10:56.151131Z  INFO tileworld_bevy_forest::biome: view → world map
2026-10-08T12:10:56.157223Z  INFO tileworld_bevy_forest::perftest: PERF_READY t=11.189
2026-10-08T12:10:56.175516Z  INFO tileworld_bevy_forest::blendertrees: blender trees replacements: forest=112, meadow=6, rts=0, treeline=0; dead/stump, orchard and nonforest biome trees retain native meshes
2026-10-08T12:10:57.265843Z  INFO tileworld_bevy_forest::perftest: STATE_DBG t=12.3 app=Playing modal=None
2026-10-08T12:10:57.266691Z  INFO tileworld_bevy_forest::perftest: PERF t=  12 fps=  99 ms= 10.4 ent=  9875 mesh= 4148 mat= 235 creature_mat=8 img=  146 atlas=16k/16p rss= 3.54GiB
2026-10-08T12:10:57.266925Z  INFO tileworld_bevy_forest::perftest:    arch   1408  BiomeEntity
2026-10-08T12:10:57.266931Z  INFO tileworld_bevy_forest::perftest:    arch    973  CreatureExt>>
2026-10-08T12:10:57.266934Z  INFO tileworld_bevy_forest::perftest:    arch    861  BipedPart
2026-10-08T12:10:57.266937Z  INFO tileworld_bevy_forest::perftest:    arch    590  BiomeEntity CastlePart RevealAt
2026-10-08T12:10:57.266939Z  INFO tileworld_bevy_forest::perftest:    arch    550  CreatureExt>> QuadPart
2026-10-08T12:10:57.266942Z  INFO tileworld_bevy_forest::perftest:    arch    472  BiomeEntity GroundCoverChunk
2026-10-08T12:10:57.266945Z  INFO tileworld_bevy_forest::perftest:    arch    413  BiomeEntity
2026-10-08T12:10:57.266948Z  INFO tileworld_bevy_forest::perftest:    arch    368  [engine x12 comps]
2026-10-08T12:10:57.266950Z  INFO tileworld_bevy_forest::perftest:    arch    330  CreatureExt>> QuadPart
2026-10-08T12:10:57.266953Z  INFO tileworld_bevy_forest::perftest:    arch    264  ChopTree Sway BiomeEntity
2026-10-08T12:10:57.266956Z  INFO tileworld_bevy_forest::perftest:    arch    220  BiomeEntity Beacon
2026-10-08T12:10:57.266959Z  INFO tileworld_bevy_forest::perftest:    arch    176  BiomeEntity RevealAt Decor
2026-10-08T12:10:57.266975Z  INFO tileworld_bevy_forest::perftest:   GPU Σ=3.89ms  main_opaque_pass_3d=2.69 early prepass=0.72 ui=0.11 smaa=0.09 bin_unpacking=0.09 clustering=0.06 tonemapping=0.05 early_mesh_preprocessing=0.04 upscaling=0.02 main_transparent_pass_3d=0.02
2026-10-08T12:11:02.267854Z  INFO tileworld_bevy_forest::perftest: STATE_DBG t=17.3 app=Playing modal=None
2026-10-08T12:11:02.268526Z  INFO tileworld_bevy_forest::perftest: PERF t=  17 fps= 122 ms=  8.3 ent=  9873 mesh= 4148 mat= 235 creature_mat=8 img=  146 atlas=16k/16p rss= 3.57GiB
2026-10-08T12:11:02.268732Z  INFO tileworld_bevy_forest::perftest:    arch   1408  BiomeEntity
2026-10-08T12:11:02.268745Z  INFO tileworld_bevy_forest::perftest:    arch    973  CreatureExt>>
2026-10-08T12:11:02.268749Z  INFO tileworld_bevy_forest::perftest:    arch    861  BipedPart
2026-10-08T12:11:02.268754Z  INFO tileworld_bevy_forest::perftest:    arch    590  BiomeEntity CastlePart RevealAt
2026-10-08T12:11:02.268758Z  INFO tileworld_bevy_forest::perftest:    arch    550  CreatureExt>> QuadPart
2026-10-08T12:11:02.268762Z  INFO tileworld_bevy_forest::perftest:    arch    472  BiomeEntity GroundCoverChunk
2026-10-08T12:11:02.268766Z  INFO tileworld_bevy_forest::perftest:    arch    413  BiomeEntity
2026-10-08T12:11:02.268770Z  INFO tileworld_bevy_forest::perftest:    arch    368  [engine x12 comps]
2026-10-08T12:11:02.268774Z  INFO tileworld_bevy_forest::perftest:    arch    330  CreatureExt>> QuadPart
2026-10-08T12:11:02.268778Z  INFO tileworld_bevy_forest::perftest:    arch    264  ChopTree Sway BiomeEntity
2026-10-08T12:11:02.268782Z  INFO tileworld_bevy_forest::perftest:    arch    220  BiomeEntity Beacon
2026-10-08T12:11:02.268785Z  INFO tileworld_bevy_forest::perftest:    arch    176  BiomeEntity RevealAt Decor
2026-10-08T12:11:02.268806Z  INFO tileworld_bevy_forest::perftest:   GPU Σ=3.86ms  main_opaque_pass_3d=2.68 early prepass=0.73 smaa=0.09 bin_unpacking=0.09 ui=0.08 clustering=0.06 tonemapping=0.05 early_mesh_preprocessing=0.04 upscaling=0.02 main_transparent_pass_3d=0.02
2026-10-08T12:11:07.269590Z  INFO tileworld_bevy_forest::perftest: STATE_DBG t=22.3 app=Playing modal=None
2026-10-08T12:11:07.270207Z  INFO tileworld_bevy_forest::perftest: PERF t=  22 fps= 164 ms=  6.1 ent=  9873 mesh= 4148 mat= 235 creature_mat=8 img=  146 atlas=16k/16p rss= 3.61GiB
2026-10-08T12:11:07.270389Z  INFO tileworld_bevy_forest::perftest:    arch   1408  BiomeEntity
2026-10-08T12:11:07.270400Z  INFO tileworld_bevy_forest::perftest:    arch    973  CreatureExt>>
2026-10-08T12:11:07.270403Z  INFO tileworld_bevy_forest::perftest:    arch    861  BipedPart
2026-10-08T12:11:07.270406Z  INFO tileworld_bevy_forest::perftest:    arch    590  BiomeEntity CastlePart RevealAt
2026-10-08T12:11:07.270409Z  INFO tileworld_bevy_forest::perftest:    arch    550  CreatureExt>> QuadPart
2026-10-08T12:11:07.270411Z  INFO tileworld_bevy_forest::perftest:    arch    472  BiomeEntity GroundCoverChunk
2026-10-08T12:11:07.270414Z  INFO tileworld_bevy_forest::perftest:    arch    413  BiomeEntity
2026-10-08T12:11:07.270417Z  INFO tileworld_bevy_forest::perftest:    arch    368  [engine x12 comps]
2026-10-08T12:11:07.270419Z  INFO tileworld_bevy_forest::perftest:    arch    330  CreatureExt>> QuadPart
2026-10-08T12:11:07.270422Z  INFO tileworld_bevy_forest::perftest:    arch    264  ChopTree Sway BiomeEntity
2026-10-08T12:11:07.270425Z  INFO tileworld_bevy_forest::perftest:    arch    220  BiomeEntity Beacon
2026-10-08T12:11:07.270428Z  INFO tileworld_bevy_forest::perftest:    arch    176  BiomeEntity RevealAt Decor
2026-10-08T12:11:07.270442Z  INFO tileworld_bevy_forest::perftest:   GPU Σ=3.90ms  main_opaque_pass_3d=2.72 early prepass=0.73 smaa=0.09 bin_unpacking=0.09 ui=0.08 clustering=0.06 tonemapping=0.05 early_mesh_preprocessing=0.04 upscaling=0.02 main_transparent_pass_3d=0.01
2026-10-08T12:11:12.270088Z  INFO tileworld_bevy_forest::perftest: STATE_DBG t=27.3 app=Playing modal=None
2026-10-08T12:11:12.270697Z  INFO tileworld_bevy_forest::perftest: PERF t=  27 fps= 169 ms=  5.9 ent=  9873 mesh= 4148 mat= 235 creature_mat=8 img=  146 atlas=16k/16p rss= 3.66GiB
2026-10-08T12:11:12.270949Z  INFO tileworld_bevy_forest::perftest:    arch   1408  BiomeEntity
2026-10-08T12:11:12.270968Z  INFO tileworld_bevy_forest::perftest:    arch    973  CreatureExt>>
2026-10-08T12:11:12.270974Z  INFO tileworld_bevy_forest::perftest:    arch    861  BipedPart
2026-10-08T12:11:12.270978Z  INFO tileworld_bevy_forest::perftest:    arch    590  BiomeEntity CastlePart RevealAt
2026-10-08T12:11:12.270983Z  INFO tileworld_bevy_forest::perftest:    arch    550  CreatureExt>> QuadPart
2026-10-08T12:11:12.270987Z  INFO tileworld_bevy_forest::perftest:    arch    472  BiomeEntity GroundCoverChunk
2026-10-08T12:11:12.270990Z  INFO tileworld_bevy_forest::perftest:    arch    413  BiomeEntity
2026-10-08T12:11:12.270993Z  INFO tileworld_bevy_forest::perftest:    arch    368  [engine x12 comps]
2026-10-08T12:11:12.270996Z  INFO tileworld_bevy_forest::perftest:    arch    330  CreatureExt>> QuadPart
2026-10-08T12:11:12.270999Z  INFO tileworld_bevy_forest::perftest:    arch    264  ChopTree Sway BiomeEntity
2026-10-08T12:11:12.271002Z  INFO tileworld_bevy_forest::perftest:    arch    220  BiomeEntity Beacon
2026-10-08T12:11:12.271006Z  INFO tileworld_bevy_forest::perftest:    arch    176  BiomeEntity RevealAt Decor
2026-10-08T12:11:12.271019Z  INFO tileworld_bevy_forest::perftest:   GPU Σ=3.89ms  main_opaque_pass_3d=2.71 early prepass=0.73 smaa=0.09 bin_unpacking=0.09 ui=0.08 clustering=0.06 tonemapping=0.05 early_mesh_preprocessing=0.04 upscaling=0.02 main_transparent_pass_3d=0.02
2026-10-08T12:11:17.273284Z  INFO tileworld_bevy_forest::perftest: STATE_DBG t=32.3 app=Playing modal=None
2026-10-08T12:11:17.274144Z  INFO tileworld_bevy_forest::perftest: PERF t=  32 fps= 124 ms=  8.1 ent=  9874 mesh= 4148 mat= 235 creature_mat=8 img=  146 atlas=16k/16p rss= 3.70GiB
2026-10-08T12:11:17.274399Z  INFO tileworld_bevy_forest::perftest:    arch   1408  BiomeEntity
2026-10-08T12:11:17.274416Z  INFO tileworld_bevy_forest::perftest:    arch    973  CreatureExt>>
2026-10-08T12:11:17.274422Z  INFO tileworld_bevy_forest::perftest:    arch    861  BipedPart
2026-10-08T12:11:17.274427Z  INFO tileworld_bevy_forest::perftest:    arch    590  BiomeEntity CastlePart RevealAt
2026-10-08T12:11:17.274508Z  INFO tileworld_bevy_forest::perftest:    arch    550  CreatureExt>> QuadPart
2026-10-08T12:11:17.274516Z  INFO tileworld_bevy_forest::perftest:    arch    472  BiomeEntity GroundCoverChunk
2026-10-08T12:11:17.274521Z  INFO tileworld_bevy_forest::perftest:    arch    413  BiomeEntity
2026-10-08T12:11:17.274525Z  INFO tileworld_bevy_forest::perftest:    arch    368  [engine x12 comps]
2026-10-08T12:11:17.274530Z  INFO tileworld_bevy_forest::perftest:    arch    330  CreatureExt>> QuadPart
2026-10-08T12:11:17.274534Z  INFO tileworld_bevy_forest::perftest:    arch    264  ChopTree Sway BiomeEntity
2026-10-08T12:11:17.274540Z  INFO tileworld_bevy_forest::perftest:    arch    220  BiomeEntity Beacon
2026-10-08T12:11:17.274544Z  INFO tileworld_bevy_forest::perftest:    arch    176  BiomeEntity RevealAt Decor
2026-10-08T12:11:17.274569Z  INFO tileworld_bevy_forest::perftest:   GPU Σ=3.88ms  main_opaque_pass_3d=2.69 early prepass=0.74 smaa=0.09 bin_unpacking=0.09 ui=0.08 clustering=0.06 tonemapping=0.05 early_mesh_preprocessing=0.04 upscaling=0.02 main_transparent_pass_3d=0.02
2026-10-08T12:11:22.273861Z  INFO tileworld_bevy_forest::perftest: STATE_DBG t=37.3 app=Playing modal=None
2026-10-08T12:11:22.274409Z  INFO tileworld_bevy_forest::perftest: PERF t=  37 fps= 151 ms=  7.0 ent=  9873 mesh= 4148 mat= 235 creature_mat=8 img=  146 atlas=16k/16p rss= 3.73GiB
2026-10-08T12:11:22.274574Z  INFO tileworld_bevy_forest::perftest:    arch   1408  BiomeEntity
2026-10-08T12:11:22.274581Z  INFO tileworld_bevy_forest::perftest:    arch    973  CreatureExt>>
2026-10-08T12:11:22.274584Z  INFO tileworld_bevy_forest::perftest:    arch    861  BipedPart
2026-10-08T12:11:22.274587Z  INFO tileworld_bevy_forest::perftest:    arch    590  BiomeEntity CastlePart RevealAt
2026-10-08T12:11:22.274591Z  INFO tileworld_bevy_forest::perftest:    arch    550  CreatureExt>> QuadPart
2026-10-08T12:11:22.274595Z  INFO tileworld_bevy_forest::perftest:    arch    472  BiomeEntity GroundCoverChunk
2026-10-08T12:11:22.274599Z  INFO tileworld_bevy_forest::perftest:    arch    413  BiomeEntity
2026-10-08T12:11:22.274603Z  INFO tileworld_bevy_forest::perftest:    arch    368  [engine x12 comps]
2026-10-08T12:11:22.274607Z  INFO tileworld_bevy_forest::perftest:    arch    330  CreatureExt>> QuadPart
2026-10-08T12:11:22.274610Z  INFO tileworld_bevy_forest::perftest:    arch    264  ChopTree Sway BiomeEntity
2026-10-08T12:11:22.274613Z  INFO tileworld_bevy_forest::perftest:    arch    220  BiomeEntity Beacon
2026-10-08T12:11:22.274616Z  INFO tileworld_bevy_forest::perftest:    arch    176  BiomeEntity RevealAt Decor
2026-10-08T12:11:22.274628Z  INFO tileworld_bevy_forest::perftest:   GPU Σ=3.88ms  main_opaque_pass_3d=2.70 early prepass=0.73 smaa=0.09 bin_unpacking=0.09 ui=0.08 clustering=0.06 tonemapping=0.05 early_mesh_preprocessing=0.04 upscaling=0.02 main_transparent_pass_3d=0.02
2026-10-08T12:11:27.273662Z  INFO tileworld_bevy_forest::perftest: STATE_DBG t=42.3 app=Playing modal=None
2026-10-08T12:11:27.274223Z  INFO tileworld_bevy_forest::perftest: PERF t=  42 fps= 145 ms=  7.0 ent=  9874 mesh= 4148 mat= 235 creature_mat=8 img=  146 atlas=16k/16p rss= 3.76GiB
2026-10-08T12:11:27.274430Z  INFO tileworld_bevy_forest::perftest:    arch   1408  BiomeEntity
2026-10-08T12:11:27.274446Z  INFO tileworld_bevy_forest::perftest:    arch    973  CreatureExt>>
2026-10-08T12:11:27.274451Z  INFO tileworld_bevy_forest::perftest:    arch    861  BipedPart
2026-10-08T12:11:27.274455Z  INFO tileworld_bevy_forest::perftest:    arch    590  BiomeEntity CastlePart RevealAt
2026-10-08T12:11:27.274459Z  INFO tileworld_bevy_forest::perftest:    arch    550  CreatureExt>> QuadPart
2026-10-08T12:11:27.274462Z  INFO tileworld_bevy_forest::perftest:    arch    472  BiomeEntity GroundCoverChunk
2026-10-08T12:11:27.274466Z  INFO tileworld_bevy_forest::perftest:    arch    413  BiomeEntity
2026-10-08T12:11:27.274470Z  INFO tileworld_bevy_forest::perftest:    arch    368  [engine x12 comps]
2026-10-08T12:11:27.274474Z  INFO tileworld_bevy_forest::perftest:    arch    330  CreatureExt>> QuadPart
2026-10-08T12:11:27.274484Z  INFO tileworld_bevy_forest::perftest:    arch    264  ChopTree Sway BiomeEntity
2026-10-08T12:11:27.274493Z  INFO tileworld_bevy_forest::perftest:    arch    220  BiomeEntity Beacon
2026-10-08T12:11:27.274497Z  INFO tileworld_bevy_forest::perftest:    arch    176  BiomeEntity RevealAt Decor
2026-10-08T12:11:27.274514Z  INFO tileworld_bevy_forest::perftest:   GPU Σ=3.88ms  main_opaque_pass_3d=2.71 early prepass=0.73 bin_unpacking=0.09 smaa=0.09 ui=0.08 clustering=0.06 tonemapping=0.05 early_mesh_preprocessing=0.04 upscaling=0.02 main_transparent_pass_3d=0.02
2026-10-08T12:11:32.279238Z  INFO tileworld_bevy_forest::perftest: STATE_DBG t=47.3 app=Playing modal=None
2026-10-08T12:11:32.279806Z  INFO tileworld_bevy_forest::perftest: PERF t=  47 fps= 149 ms=  6.8 ent=  9873 mesh= 4148 mat= 235 creature_mat=8 img=  146 atlas=16k/16p rss= 3.79GiB
2026-10-08T12:11:32.279994Z  INFO tileworld_bevy_forest::perftest:    arch   1408  BiomeEntity
2026-10-08T12:11:32.280003Z  INFO tileworld_bevy_forest::perftest:    arch    973  CreatureExt>>
2026-10-08T12:11:32.280006Z  INFO tileworld_bevy_forest::perftest:    arch    861  BipedPart
2026-10-08T12:11:32.280009Z  INFO tileworld_bevy_forest::perftest:    arch    590  BiomeEntity CastlePart RevealAt
2026-10-08T12:11:32.280012Z  INFO tileworld_bevy_forest::perftest:    arch    550  CreatureExt>> QuadPart
2026-10-08T12:11:32.280015Z  INFO tileworld_bevy_forest::perftest:    arch    472  BiomeEntity GroundCoverChunk
2026-10-08T12:11:32.280017Z  INFO tileworld_bevy_forest::perftest:    arch    413  BiomeEntity
2026-10-08T12:11:32.280021Z  INFO tileworld_bevy_forest::perftest:    arch    368  [engine x12 comps]
2026-10-08T12:11:32.280024Z  INFO tileworld_bevy_forest::perftest:    arch    330  CreatureExt>> QuadPart
2026-10-08T12:11:32.280026Z  INFO tileworld_bevy_forest::perftest:    arch    264  ChopTree Sway BiomeEntity
2026-10-08T12:11:32.280029Z  INFO tileworld_bevy_forest::perftest:    arch    220  BiomeEntity Beacon
2026-10-08T12:11:32.280032Z  INFO tileworld_bevy_forest::perftest:    arch    176  BiomeEntity RevealAt Decor
2026-10-08T12:11:32.280045Z  INFO tileworld_bevy_forest::perftest:   GPU Σ=3.89ms  main_opaque_pass_3d=2.71 early prepass=0.73 bin_unpacking=0.09 smaa=0.09 ui=0.08 clustering=0.06 tonemapping=0.05 early_mesh_preprocessing=0.04 upscaling=0.02 main_transparent_pass_3d=0.02
2026-10-08T12:11:37.283932Z  INFO tileworld_bevy_forest::perftest: STATE_DBG t=52.3 app=Playing modal=None
2026-10-08T12:11:37.284654Z  INFO tileworld_bevy_forest::perftest: PERF t=  52 fps=  98 ms= 10.9 ent=  9874 mesh= 4148 mat= 235 creature_mat=8 img=  146 atlas=16k/16p rss= 3.82GiB
2026-10-08T12:11:37.284889Z  INFO tileworld_bevy_forest::perftest:    arch   1408  BiomeEntity
2026-10-08T12:11:37.284905Z  INFO tileworld_bevy_forest::perftest:    arch    973  CreatureExt>>
2026-10-08T12:11:37.284910Z  INFO tileworld_bevy_forest::perftest:    arch    861  BipedPart
2026-10-08T12:11:37.284914Z  INFO tileworld_bevy_forest::perftest:    arch    590  BiomeEntity CastlePart RevealAt
2026-10-08T12:11:37.284919Z  INFO tileworld_bevy_forest::perftest:    arch    550  CreatureExt>> QuadPart
2026-10-08T12:11:37.284923Z  INFO tileworld_bevy_forest::perftest:    arch    472  BiomeEntity GroundCoverChunk
2026-10-08T12:11:37.284927Z  INFO tileworld_bevy_forest::perftest:    arch    413  BiomeEntity
2026-10-08T12:11:37.284931Z  INFO tileworld_bevy_forest::perftest:    arch    368  [engine x12 comps]
2026-10-08T12:11:37.284935Z  INFO tileworld_bevy_forest::perftest:    arch    330  CreatureExt>> QuadPart
2026-10-08T12:11:37.284939Z  INFO tileworld_bevy_forest::perftest:    arch    264  ChopTree Sway BiomeEntity
2026-10-08T12:11:37.284943Z  INFO tileworld_bevy_forest::perftest:    arch    220  BiomeEntity Beacon
2026-10-08T12:11:37.284948Z  INFO tileworld_bevy_forest::perftest:    arch    176  BiomeEntity RevealAt Decor
2026-10-08T12:11:37.284969Z  INFO tileworld_bevy_forest::perftest:   GPU Σ=3.88ms  main_opaque_pass_3d=2.70 early prepass=0.73 smaa=0.09 bin_unpacking=0.09 ui=0.08 clustering=0.06 tonemapping=0.05 early_mesh_preprocessing=0.04 upscaling=0.02 main_transparent_pass_3d=0.02
2026-10-08T12:11:42.289477Z  INFO tileworld_bevy_forest::perftest: STATE_DBG t=57.3 app=Playing modal=None
2026-10-08T12:11:42.290213Z  INFO tileworld_bevy_forest::perftest: PERF t=  57 fps= 122 ms=  8.3 ent=  9874 mesh= 4148 mat= 235 creature_mat=8 img=  146 atlas=16k/16p rss= 3.84GiB
2026-10-08T12:11:42.290440Z  INFO tileworld_bevy_forest::perftest:    arch   1408  BiomeEntity
2026-10-08T12:11:42.290454Z  INFO tileworld_bevy_forest::perftest:    arch    973  CreatureExt>>
2026-10-08T12:11:42.290459Z  INFO tileworld_bevy_forest::perftest:    arch    861  BipedPart
2026-10-08T12:11:42.290463Z  INFO tileworld_bevy_forest::perftest:    arch    590  BiomeEntity CastlePart RevealAt
2026-10-08T12:11:42.290467Z  INFO tileworld_bevy_forest::perftest:    arch    550  CreatureExt>> QuadPart
2026-10-08T12:11:42.290471Z  INFO tileworld_bevy_forest::perftest:    arch    472  BiomeEntity GroundCoverChunk
2026-10-08T12:11:42.290475Z  INFO tileworld_bevy_forest::perftest:    arch    413  BiomeEntity
2026-10-08T12:11:42.290479Z  INFO tileworld_bevy_forest::perftest:    arch    368  [engine x12 comps]
2026-10-08T12:11:42.290483Z  INFO tileworld_bevy_forest::perftest:    arch    330  CreatureExt>> QuadPart
2026-10-08T12:11:42.290487Z  INFO tileworld_bevy_forest::perftest:    arch    264  ChopTree Sway BiomeEntity
2026-10-08T12:11:42.290491Z  INFO tileworld_bevy_forest::perftest:    arch    220  BiomeEntity Beacon
2026-10-08T12:11:42.290495Z  INFO tileworld_bevy_forest::perftest:    arch    176  BiomeEntity RevealAt Decor
2026-10-08T12:11:42.290514Z  INFO tileworld_bevy_forest::perftest:   GPU Σ=3.87ms  main_opaque_pass_3d=2.69 early prepass=0.73 bin_unpacking=0.09 smaa=0.09 ui=0.08 clustering=0.06 tonemapping=0.05 early_mesh_preprocessing=0.04 upscaling=0.02 main_transparent_pass_3d=0.02
2026-10-08T12:11:44.968310Z  INFO tileworld_bevy_forest::perftest: PERF_SUMMARY mode=gameplay frames=4442 mean_ms=7.612 p50_ms=7.125 p95_ms=11.066 p99_ms=13.744 max_ms=20.508
2026-10-08T12:11:44.968360Z  INFO tileworld_bevy_forest::perftest: PERFTEST done (60s) — exiting
